domain:medtrum.ru
domain:jivosite.com
domain:2gis.ge
domain:gazprombank.ru
domain:vtb-liga.fut.ru
domain:ozon.ru
domain:lenta.ru
domain:windsurf.com
domain:bitrix.info
domain:sbermegamarket.ru
domain:bankline.ru
domain:yandex.ee
domain:yandex.com.tr
domain:kalmykia.ru
domain:alfaprivate.com
domain:yandex.lv
domain:vk-cdn.net
domain:vk-cdn.me
domain:spvb.ru
domain:vk.com
domain:donationalerts.com
domain:vtbcareer.com
domain:yandexcloud.net
domain:korona.com
domain:netmonet.co
domain:sber.ws
domain:dagestan.ru
domain:dixy.ru
domain:taxsee.com
domain:x5paket.ru
domain:vkusercdn.ru
domain:jamal.ru
domain:ru.ccb.com
domain:lipetsk.ru
domain:okolo.app
domain:vyatka.ru
domain:bank-arzamas.ru
domain:dom.ru
domain:cap.ru
domain:animego.me
domain:spb.ru
domain:mari.ru
domain:yandexmetrica.com
domain:alfafuture.com
domain:ro-edu.ru
domain:vtbfamily.ru
domain:mosreg.ru
domain:simbirsk.ru
domain:alfa-finance.com
domain:bank131.com
domain:kremlin.ru
domain:ibamoscow.ru
domain:mirpayonline.ru
domain:aclub.ru
domain:youla.io
domain:smbcr-bank.ru
domain:alfa-bank.ru
domain:ifconfig.me
domain:voronezh.ru
domain:dbo-dengi.online
domain:asia-pay.ru
domain:kaluga.ru
domain:jivochat.com
domain:idx5.ru
domain:2gis.by
domain:webvisor.org
domain:okko.sport
domain:yandex.tj
domain:gu-st.ru
domain:lenta.com
domain:vk.cc
domain:yakutia.ru
domain:x5q.ru
domain:sbpgpb.ru
domain:hh.ru
domain:kchr.ru
domain:baltbank.ru
domain:tambov.ru
domain:yandex.fr
domain:nalchik.ru
domain:lmru.tech
domain:x5.tech
domain:fivepost.ru
domain:memealerts.com
domain:vladikavkaz.ru
domain:yandex.com.ge
domain:rnd.ru
domain:vtb24.ru
domain:gorodpay.ru
domain:altai.ru
domain:magnit.ru
domain:yanao.ru
domain:yandex.fi
domain:victoria-group.ru
domain:vl.ru
domain:emias.info
domain:vtb.com
domain:medtrum.eu
domain:47news.ru
domain:vkuseraudio.net
domain:moex.com
domain:khakassia.ru
domain:westernunion.ru
domain:mvs-bank.ru
domain:bronevik.com
domain:xn--b1aew.xn--p1ai
domain:alfa-pc.com
domain:yandex.tr
domain:vgtrk.ru
domain:rutubelist.ru
domain:citydrive.ru
domain:kemerovo.ru
domain:chita.ru
domain:tochka.com
domain:vtb.digital
domain:omsk.ru
domain:beta-bank.com
domain:dzeninfra.ru
domain:imgsmail.ru
domain:timeweb.cloud
domain:grozny.ru
domain:mangalib.me
domain:adfox.ru
domain:krasnodar.su
domain:sevastopol.ru
domain:yandex.az
domain:topdelivery.ru
domain:vkusvill.ru
domain:yandex.ru
domain:kaspersky.com
domain:cikrf.ru
domain:taximaxim.ru
domain:vk.link
domain:kurgan.ru
domain:crimea.ru
domain:2gis.am
domain:mos.ru
domain:yads.tech
domain:sev.ru
domain:xn--d1acpjx3f.xn--p1ai
domain:alfa-fx.com
domain:noosferabank.ru
domain:alfabank.com
domain:yandex.kz
domain:rkomi.ru
domain:xn--80aacoonefzg3am8b1fsb.xn--p1ai
domain:cbr.ru
domain:jx5.ru
domain:1cloud.ru
domain:slavbank.ru
domain:udmurtia.ru
domain:vtbglobalperspectives.com
domain:rshb.ru
domain:mvk.com
domain:ipify.org
domain:qms.ru
domain:alformacapital.com
domain:vlg.ru
domain:izbirkom.ru
domain:chel.ru
domain:novosibirsk.ru
domain:rostelecom.ru
domain:rt.ru
domain:vkuseraudio.com
domain:lead-pro2023.online
domain:edu.ru
domain:x5club.ru
domain:tula.ru
domain:yandex.sx
domain:xn--80acgfbsl1azdqr.xn--p1ai
domain:kp.ru
domain:vk.company
domain:bitrix24.ru
domain:kirov.ru
domain:nsk.ru
domain:rkbank.ru
domain:vkuserlive.net
domain:alfaleasing.ru
domain:tsk.ru
domain:wildberries.ru
domain:vkcache.com
domain:vtbpartners.com
domain:izhevsk.ru
domain:psbank.ru
domain:gpb.ru
domain:sistema-capital.com
domain:jivo.ru
domain:yandexwebcache.org
domain:showip.net
domain:nalog.ru
domain:vtbstrana.ru
domain:vrn.ru
domain:xn----7sb7akeedqd.xn--p1ai
domain:yandex.kg
domain:youla.ru
domain:yandex.com.am
domain:bfa.ru
domain:res-nsdi.ru
domain:sber.world
domain:yandexwebcache.net
domain:ivanovo.ru
domain:avito.ru
domain:ubs.com
domain:vkmessenger.app
domain:miya-news.online
domain:2gis.kz
domain:mymts.ru
domain:vtbkep.site
domain:mosoblgaz.ru
domain:tsx.x5static.net
domain:vladimir.ru
domain:grfc.ru
domain:chizhik.club
domain:yandex.ua
domain:mts.ru
domain:kostroma.ru
domain:trbcdn.net
domain:2gis.ae
domain:gpmdi.ru
domain:yandex.tm
domain:chelyabinsk.ru
domain:x5l.ru
domain:redheadsound.studio
domain:ekburg.ru
domain:iplocate.io
domain:nspk.ru
domain:dodopizza.ru
domain:5ka.ru
domain:karelia.ru
domain:rsscenter.cloud
domain:yastat.net
domain:vtbrussia.ru
domain:clstorage.net
domain:mordovia.ru
domain:zenit-card.ru
domain:vtb.promo
domain:psk.ru
domain:samara.ru
domain:ttk.ru
domain:usedesk.ru
domain:tomedu.ru
domain:volganet.net
domain:2gis.ua
domain:2gis.kg
domain:alfabank.ru
domain:tochka-tech.com
domain:psk
domain:gov.ru
domain:2gis.az
domain:irkutsk.ru
domain:yandex-bank.net
domain:yuzhno-sakhalinsk.ru
domain:mail.ru
domain:banka-ui.dev
domain:yandexadexchange.net
domain:yandex
domain:magadan.ru
domain:tbank-online.com
domain:kursk.ru
domain:russianpost.ru
domain:krd.ru
domain:tsaritsyn.ru
domain:vkgo.app
domain:t2.ru
domain:bir.ru
domain:ptz.ru
domain:alfa-usa.com
domain:nn.ru
domain:yadro.ru
domain:tips.tips
domain:alfafinance.biz
domain:psblog.ru
domain:pskov.ru
domain:mosenergosbyt.ru
domain:1c-bitrix.ru
domain:finuslugi.ru
domain:ip.sb
domain:alefbank.com
domain:mm.ru
domain:selkombank.ru
domain:megamarket.tech
domain:ok.ru
domain:1cfresh.com
domain:udm.ru
domain:e5.ru
domain:jpmorgan.ru
domain:avito.st
domain:yandex.pl
domain:tatarstan.ru
domain:vk.team
domain:krasyar.ru
domain:ooc-school.ru
domain:e-yakutia.ru
domain:dns-shop.ru
domain:domclick.ru
domain:dzvr.ru
domain:forshtadt.ru
domain:alformacap.com
domain:edadeal.ru
domain:alfafinance.ru
domain:ipapi.is
domain:wink.ru
domain:vtb.ru
domain:auth-nsdi.ru
domain:vkuser.net
domain:csat.ru
domain:vtbrussia.com
domain:vtb-russia.com
domain:lumiflex.ru
domain:avtoto.ru
domain:commerzbank.ru
domain:saratov.ru
domain:tyumen.ru
domain:yandex.uz
domain:chuvashia.ru
domain:kamchatka.ru
domain:kinescope.io
domain:perm.ru
domain:vkuservideo.ru
domain:xn--80ajghhoc2aj1c8b.xn--p1ai
domain:static-storage.net
domain:xn--90aijkdmaud0d.xn--p1ai
domain:edu22.info
domain:x5id.ru
domain:xn--90aifd0aza.site
domain:amur.ru
domain:nov.ru
domain:vologda.ru
domain:4meeting.me
domain:khv.ru
domain:2gis.tj
domain:yandex.eu
domain:naydex.net
domain:alfafx.com
domain:turbopages.org
domain:2gis.cz
domain:vkuservideo.com
domain:bkvet.ru
domain:xn--b1afabzvcegckfhg.xn--p1ai
domain:tutu.ru
domain:rostaxi.org
domain:vk-analytics.ru
domain:jar.ru
domain:cdn-vk.ru
domain:okko.tv
domain:tnt-online.ru
domain:2ip.ru
domain:oryol.ru
domain:oneme.ru
domain:zabedu.ru
domain:irk.ru
domain:chukotka.ru
domain:ozone.ru
domain:ziraatbank.ru
domain:vkusnoitochka.ru
domain:ryazan.ru
domain:smolensk.ru
domain:lemanapro.ru
domain:x5.ru
domain:yandex.de
domain:yandex.aero
domain:yandex.org
domain:zentotem.net
domain:government.ru
domain:autobahn.db.com
domain:vkontakte.ru
domain:vtb-direct.com
domain:tver.ru
domain:anytimeru.com
domain:gazeta.ru
domain:yandex.st
domain:yandex.com
domain:fastvps.ru
domain:tele2.ru
domain:vklive.app
domain:mycdn.me
domain:cscampus.ru
domain:vtb.bank.in
domain:vk-portal.net
domain:mari-el.ru
domain:vkuserphoto.ru
domain:yandex.lt
domain:5post.market
domain:checkip.amazonaws.com
domain:edadeal.io
domain:youla-web-static.mrgcdn.ru
domain:iz.ru
domain:vkuservideo.net
domain:orb.ru
domain:ozonusercontent.com
domain:vtb.fut.ru
domain:prvbank.ru
domain:yandexcom.net
domain:auto.ru
domain:sakhalin.ru
domain:marine.ru
domain:mil.ru
domain:kazan.ru
domain:krasnoyarsk.ru
domain:vladivostok.ru
domain:khabarovsk.ru
domain:svoy.academy
domain:xn--90aivcdt6dxbc.xn--p1ai
domain:belgorod.ru
domain:pvubank.com
domain:kuper.ru
domain:gosuslugi.ru
domain:perekrestok.ru
domain:tagbank.ru
domain:kchgov.ru
domain:pochta.ru
domain:wb.ru
domain:bashkiria.ru
domain:murmansk.ru
domain:1c.ru
domain:yandex.co.il
domain:vk.me
domain:drweb.ru
domain:kinescopecdn.net
domain:myapelsin.ru
domain:vtb-grants.fut.ru
domain:vk.design
domain:credistory.ru
domain:dnevnik.ru
domain:vlb100.ru
domain:timeweb.com
domain:kuban.ru
domain:adygeya.ru
domain:koenig.ru
domain:stavropol.ru
domain:mtsdengi.ru
domain:leroymerlin.ru
domain:yandex.com.ru
domain:buryatia.ru
domain:ssb.msk.ru
domain:sbermarket.ru
domain:whoosh.bike
domain:max.ru
domain:vk.ru
domain:yandex.net
domain:megamarket.ru
domain:1internet.tv
domain:dbankcloud.ru
domain:i-ola.ru
domain:yaroslavl.ru
domain:dzen.ru
domain:gazprombank.tech
domain:vkmessenger.com
domain:tu-tu.ru
domain:tamtam.chat
domain:hematonix.ru
domain:rncoluminis.ru
domain:yandex.com.ua
domain:vkvideo.ru
domain:ulan-ude.ru
domain:vk-apps.ru
domain:zdrav10.ru
domain:bankermak.ru
domain:freestylediabetes.ru
domain:tomsk.ru
domain:bank-credit-suisse-moscow.ru
domain:ebs.ru
domain:rtbcdn.ru
domain:alfa-bank.com
domain:okcdn.ru
domain:yandex.by
domain:vtbindia.com
domain:beeline.ru
domain:rbc.ru
domain:arkhangelsk.ru
domain:cbg.ru
domain:nbki.ru
domain:pesc.ru
domain:astrakhan.ru
domain:uxfeedback.ru
domain:aeroflot.ru
domain:vtb.corp.ru
domain:yandex-team.ru
domain:rambler.ru
domain:gazprompay.ru
domain:banki.ru
domain:tom.ru
domain:prim-edu.ru
domain:av.ru
domain:rzd.ru
domain:rutube.ru
domain:mnogolososya.ru
domain:alfafuture.ru
domain:surgut.ru
domain:credit-zenit.ru
domain:mgfoms.ru
domain:investalfabank.com
domain:vkuseraudio.ru
domain:xn--d1acchc3adyj9k.xn--p1ai
domain:yastatic.net
domain:yandex.cloud
domain:webvisor.com
domain:xn--90ab2c.xn--p1ai
domain:yandex.md
domain:2gis.com
domain:kinopoisk.ru
domain:kommersant.ru
domain:tilda.cc
domain:2gis.uz
domain:kaspersky.ru
domain:2gis.com.cy
domain:mradx.net
domain:edu-74.ru
domain:volgograd.ru
domain:netschool.website
domain:tuva.ru
domain:yamal.ru
domain:avtodor-tr.ru
domain:bryansk.ru
domain:vtb24.com
domain:userapi.com
domain:vk-apps.com
domain:ican-sinocare.ru
domain:admetrica.ru
domain:yandex.jobs
domain:2gis.ru
domain:megafon.ru
domain:fix-price.com
domain:yoobusiness.ru
domain:stv.ru
domain:ankb.ru
domain:yota.ru
domain:rzd-bonus.ru
domain:abr.ru
domain:yastatic-net.ru
domain:kazanexpress.ru
domain:mizuhogroup.com
domain:mosobleirc.ru
domain:ya.ru
domain:vkcloud-static.ru
domain:onelya.ru
domain:penza.ru
domain:goskey.ru
domain:sbercoin.com
domain:cdn-tinkoff.ru
domain:russiacalling.com
domain:dellin.ru
