domain:97973.com
domain:ad.sina.com.cn
domain:ad.us.sinaimg.cn
domain:adbox.sina.com.cn
domain:adimg.mobile.sina.cn
domain:adimg.uve.weibo.com
domain:ads.sina.com
domain:alitui.weibo.com
domain:beacon.sina.com.cn
domain:biz.weibo.com
domain:click.uve.mobile.sina.cn
domain:click.uve.weibo.com
domain:hk.weibo.com
domain:log.mix.sina.com.cn
domain:log.sina.cn
domain:log2.sina.cn
domain:mixer.sina.cn
domain:my.weibo.com
domain:overseas.weibo.com
domain:p4p.sina.com.cn
domain:picself.cn
domain:rs.sinajs.cn
domain:sa.sina.cn
domain:sbeacon.sina.com.cn
domain:sdkclick.mobile.sina.cn
domain:sg.weibo.com
domain:sina.cn
domain:sina.com
domain:sina.com.cn
domain:sina.net
domain:sinaapp.com
domain:sinaedge.com
domain:sinaimg.cn
domain:sinaimg.com
domain:sinajs.cn
domain:sinajs.com
domain:slog.sina.cn
domain:slog.sina.com.cn
domain:t.cn
domain:th.weibo.com
domain:tw.weibo.com
domain:us.weibo.com
domain:videoself.cn
domain:wapwbclick.mobile.sina.cn
domain:wbclick.mobile.sina.cn
domain:wbimg.cn
domain:wbimg.com
domain:wcdn.cn
domain:weibo.cn
domain:weibo.com
domain:weibo.com.cn
domain:weibocdn.com
domain:weibopay.com
domain:xhaiwai.com
