domain:sora.com
domain:sobesednik.ru
domain:4pda.to
domain:7tv.app
domain:zona.media
domain:abook-club.ru
domain:zohomail.com
domain:znanija.com
domain:zimbra.org
domain:zimbra.com
domain:meduza.io
domain:zetflix.online
domain:youtu.be
domain:yeggi.com
domain:adblockplus.org
domain:adguard.com
domain:xvideos.com
domain:xnxx.com
domain:xhamsterlive.com
domain:agents.media
domain:agentura.ru
domain:alberta.ca
domain:alphacoders.com
domain:amnezia.org
domain:anilibria.tv
domain:animestars.org
domain:ansys.com
domain:xhamster.com
domain:xerox.com
domain:x.com
domain:x.ai
domain:wunderground.com
domain:wixmp.com
domain:windsurf.com
domain:windguru.cz
domain:wheather.com
domain:wetransfer.com
domain:aplawrence.com
domain:welt.de
domain:weather.com
domain:watchguard.com
domain:wallpapercave.com
domain:vyos.net
domain:appstorrent.ru
domain:vyos.io
domain:aqicn.org
domain:vrv.co
domain:archiveofourown.org
domain:arm.com
domain:vot-tak.tv
domain:atlassian.com
domain:vndb.org
domain:vipdrive.net
domain:viber.com
domain:verstka.media
domain:veritas.com
domain:bbc.com
domain:velocidrone.com
domain:bestchange.ru
domain:bitbucket.org
domain:bitcoin.org
domain:bitru.org
domain:booktracker.org
domain:boosteroid.com
domain:bosch-home.com
domain:bradyid.com
domain:broadcom.com
domain:veeam.com
domain:vectorworks.net
domain:uniongang.tv
domain:unian.net
domain:underver.se
domain:canva.com
domain:ufile.io
domain:twitter.com
domain:tvrain.ru
domain:cdn2site.com
domain:cdninstagram.com
domain:certifytheweb.com
domain:tutanota.com
domain:chatgpt.com
domain:torrent.by
domain:cherta.media
domain:chess.com
domain:cisco.com
domain:citrix.com
domain:clamav.net
domain:claude.ai
domain:torproject.org
domain:cloudflare-dns.com
domain:cloudflare-ech.com
domain:codeium.com
domain:colta.ru
domain:mediazona.online
domain:coomer.su
domain:tmdb.org
domain:medium.com
domain:crunchyroll.com
domain:cub.red
domain:czx.to
domain:tjournal.ru
domain:timberland.com
domain:tiktok.com
domain:tidal.com
domain:deepl.com
domain:deezer.com
domain:dell.com
domain:deviantart.com
domain:devops.com
domain:digitalocean.com
domain:discord.com
domain:discord.gg
domain:discord.media
domain:discordapp.com
domain:discordapp.io
domain:discordapp.org
domain:discordstatus.com
domain:thepiratebay.org
domain:themoviedb.org
domain:theins.ru
domain:1337x.to
domain:theins.press
domain:terraform.io
domain:tayga.info
domain:t.co
domain:sysdig.com
domain:swagger.io
domain:doxajournal.ru
domain:svtv.org
domain:dw.com
domain:svoboda.org
domain:stulchik.net
domain:strava.com
domain:ehorussia.com
domain:ej.ru
domain:envato.com
domain:epg.one
domain:etsy.com
domain:spotify.com
domain:euronews.com
domain:soundcloud.com
domain:exler.ru
domain:facebook.com
domain:fb.com
domain:fbcdn.net
domain:fbsbx.com
domain:fex.net
domain:10minutemail.com
domain:pepperl-fuchs.com
domain:fitgirl-repacks.site
domain:flashscore.com
domain:flibusta.is
domain:fluke.com
domain:fork.pet
domain:forklog.com
domain:formula1.com
domain:soapui.org
domain:freecodecamp.org
domain:snapmagic.com
domain:slideshare.net
domain:skyscanner.com
domain:skladchik.com
domain:singlekey-id.com
domain:geekyfuroshiki.com
domain:serpstat.com
domain:geni.us
domain:genius.com
domain:githubcopilot.com
domain:gitlab.io
domain:sentry.io
domain:gnome-look.org
domain:golosameriki.com
domain:googletagmanager.com
domain:gordonua.com
domain:grammarly.com
domain:grazie.ai
domain:grok.com
domain:gulagu.net
domain:habr.com
domain:happycolorapp.com
domain:semnasem.org
domain:hdkinoteatr.com
domain:hdrezka.fm
domain:sebeanus.online
domain:searchfloor.org
domain:holod.media
domain:honeywell.com
domain:hyperhost.ua
domain:saverudata.info
domain:saveeditonline.com
domain:rutracker.ru
domain:iichan.hk
domain:rutracker.org
domain:rutor.org
domain:instagram.com
domain:rutor.is
domain:rutor.info
domain:rustorka.com
domain:rus-media.org
domain:intel.com
domain:ridl.io
domain:island-of-pleasure.site
domain:istories.media
domain:it-tools.tech
domain:jut.su
domain:kasparov.ru
domain:kavkaz-uzel.eu
domain:kemono.party
domain:kemono.su
domain:kino.pub
domain:kinobase.org
domain:kinogo.ec
domain:kinokopilka.pro
domain:kinovod.net
domain:kinozal.me
domain:kinozal.tv
domain:korrespondent.net
domain:kpapp.link
domain:lenovo.com
domain:rezka.ag
domain:libgen.rs
domain:linkedin.com
domain:linuxiac.com
domain:localbitcoins.com
domain:resp.app
domain:lostfilm.run
domain:lostfilm.today
domain:lostfilm.tv
domain:lostfilm.win
domain:republic.ru
domain:macpaw.com
domain:macvendors.com
domain:refinitiv.com
domain:malwarebytes.com
domain:refactoring.guru
domain:redtube.com
domain:mattermost.com
domain:mdza.io
domain:mediazona.ca
domain:redis.io
domain:redis.com
domain:radiosvoboda.org
domain:megapeer.ru
domain:melord.net
domain:memohrc.org
domain:metacritic.com
domain:quora.com
domain:protonmail.com
domain:monster.ie
domain:mouser.com
domain:mrakopedia.net
domain:proekt.media
domain:pornolab.net
domain:naps2.com
domain:nasvsehtoshnit.ru
domain:navalny.com
domain:netapp.com
domain:netflix.com
domain:pornhub.com
domain:newstudio.tv
domain:newtimes.ru
domain:nih.gov
domain:nnmclub.to
domain:nordvpn.com
domain:notepad-plus-plus.org
domain:notion.com
domain:novayagazeta.eu
domain:novayagazeta.ru
domain:nsf.gov
domain:ntc.party
domain:nxp.com
domain:nyaa.si
domain:polit.ru
domain:oaistatic.com
domain:oasis.app
domain:omv-extras.org
domain:onlineradiobox.com
domain:onlinesim.ru
domain:plab.site
domain:pixiv.net
domain:orbit-games.com
domain:pixabay.com
domain:ovdinfo.org
domain:piccy.info
domain:pages.dev
domain:pandasecurity.com
domain:paperpaper.ru
domain:parallels.com
domain:php.su
domain:patreon.com
domain:photopea.com
domain:paypal.com
domain:pb.wtf
domain:phoenixcontact.com
domain:pcbway.com
domain:pcbway.ru
domain:dl.discordapp.net
domain:pay.buckaroo.nl
domain:path3.xtracloud.net
domain:packages.gitlab.com
domain:os.mbed.com
domain:openwrt.wk.cz
domain:plugins.jetbrains.com
domain:nyaa.tracker.wf
domain:news.google.com
domain:myworld-portal.leica-geosystems.com
domain:portal.bgpmon.net
domain:meteo.paraplan.net
domain:radarr.servarr.com
domain:account.jetbrains.com
domain:copilot-telemetry.githubusercontent.com
domain:master.qt.io
domain:releases.hashicorp.com
domain:repo.mongodb.org
domain:login.amd.com
domain:lib.rus.ec
domain:rpm.grafana.com
domain:ru.bellingcat.com
domain:ru.depositphotos.com
domain:ru.iherb.com
domain:ru.krymr.com
domain:rus.delfi.lv
domain:abs-0.twimg.com
domain:abs-zero.twimg.com
domain:abs.twimg.com
domain:yt3.googleusercontent.com
domain:images.discordapp.net
domain:s3-1.amazonaws.com
domain:i.4pda.ws
domain:accounts.supercell.com
domain:afcs.dellcdn.com
domain:seedoff.zannn.top
domain:hd.zetfix.online
domain:gllto.glpals.com
domain:gemini.google.com
domain:siemens-home.bsh-group.com
domain:game.brawlstarsgame.com
domain:gallery.zetalliance.org
domain:fw-update.ubnt.com
domain:fw-download.ubnt.com
domain:forum.voynaplemyon.com
domain:firefly-ps.adobe.io
domain:files.oaiusercontent.com
domain:event.on24.com
domain:aftermarket.schaeffler.com
domain:static-ss.xvideos-cdn.com
domain:aftermarket.zf.com
domain:static.rutracker.cc
domain:store.supercell.com
domain:edgeservices.bing.com
domain:edge.microsoft.com
domain:support.cambiumnetworks.com
domain:support.huawei.com
domain:support.ruckuswireless.com
domain:e1v-h.phncdn.com
domain:dual-a-0001.a-msedge.net
domain:sydney.bing.com
domain:antizapret.prostovpn.org
domain:download.qt.io
domain:api.github.com
domain:download.jetbrains.com
domain:documentation.meraki.com
domain:docker.elastic.co
domain:pbs.twimg.com
domain:data-cdn.mbamupdates.com
domain:copilot-proxy.githubusercontent.com
domain:www.wikiart.org
domain:cloud.mongodb.com
domain:checkout.buckaroo.nl
domain:tr.anidub.com
domain:tracker.opentrackr.org
domain:chat.openai.com
domain:cdn.jsdelivr.net
domain:builds.parsec.app
domain:unfiltered.adguard-dns.com
domain:bt4.t-ru.org
domain:bt3.t-ru.org
domain:bt2.t-ru.org
domain:bt.t-ru.org
domain:bbci.co.uk
domain:bbc.co.uk
domain:bard.google.com
domain:auth0.openai.com
domain:video.twimg.com
domain:auth.openai.com
domain:artifacts.elastic.co
domain:www.ti.com
domain:app.zerossl.com
domain:app.paraswap.io
domain:app.m3u.in
domain:app.amplitude.com
domain:weblance.com.ua
domain:api.radarr.video
domain:api.protonmail.ch
domain:api.openai.com
domain:api.home-connect.com
domain:www.analog.com
domain:www.currenttime.tv
domain:www.hetzner.com
domain:www.hrw.org
domain:www.jabra.com
domain:www.kavkazr.com
domain:www.lostfilmtv5.site
domain:www.microchip.com
domain:www.moscowtimes.ru
domain:www.postfix.org
domain:www.qualcomm.com
domain:www.smashwords.com
domain:www.stalker2.com
domain:www.the-village.ru
domain:eu-iot-prod.aws.tcljd.com
domain:d.docs.live.net
domain:debian.map.fastlydns.net
domain:download.screamingfrog.co.uk
domain:cdn.id.supercell.com
domain:tokenized.play.google.com
domain:mobile.events.data.microsoft.com
domain:holod.global.ssl.fastly.net
domain:api.app.prod.grazie.aws.intellij.net
