full:api-p.videomarket.jp
full:ecapi-pchome.cdn.hinet.net
full:pchomeonline.com.tw
full:ebay-25-assets.s3-us-west-1.amazonaws.com
domain:gucci
domain:nike
domain:walmart
domain:target
domain:adidas.hu
domain:miniso.ua
domain:r10s.jp
domain:rakuten-static.com
domain:rakuten.ca
domain:rakuten.com
domain:rakuten.tw
domain:rclon.com
domain:rebates.jp
domain:airbnb.rs
domain:airbnb.gr
domain:airbnb.ae
domain:shopee.cl
domain:shopee.id
domain:airbnb.al
domain:airbnb.am
domain:airbnb.at
domain:airbnb.az
domain:airbnb.ba
domain:airbnb.be
domain:airbnb.ca
domain:airbnb.cat
domain:airbnb.ch
domain:airbnb.cl
domain:airbnb.cn
domain:vamo.com
domain:muscache.com
domain:airbnb.travel
domain:airbnb.tools
domain:airbnb.si
domain:airbnb.se
domain:abb.travel
domain:airbnb.ru
domain:airbnb.dk
domain:accomable.com
domain:airbnb.no
domain:airbnb.pl
domain:airbnb.org
domain:airbnb.pt
domain:airbnb.nl
domain:airbnb.mx
domain:airbnb.me
domain:airbnb.lv
domain:adidasadmin.com
domain:airbnb.lt
domain:airbnb.la
domain:airbnb.jp
domain:airbnb.it
domain:airbnb.is
domain:airbnb.ie
domain:airbnb.hu
domain:airbnb.gy
domain:airbnb.com
domain:airbnb.fr
domain:airbnb.fi
domain:airbnb.es
domain:airbnb.cz
domain:airbnb.de
domain:shopee.in
domain:shp.ee
domain:shopee.sg
domain:shopee.tw
domain:shopee.vn
domain:shopeemobile.com
domain:shopee.fr
domain:shopee.com
domain:shopee.es
domain:shopee.ph
domain:shopee.io
domain:nikegenealogy.com
domain:womensnikeshox.com
domain:verygoodnike.com
domain:thedailysnkr.com
domain:swoosh.tv
domain:swoosh.com
domain:swoo.sh
domain:static-nike.com
domain:sale-nikeshoes.com
domain:runningnike.com
domain:runnike.com
domain:outletnike.com
domain:nke6.com
domain:nikezoom.com
domain:nikey.com
domain:nikewear.com
domain:nikeusa.com
domain:niketraining.com
domain:niketrainers.com
domain:niketrainer.com
domain:niketradeweb.com
domain:niketracking.com
domain:niketaiwan.net
domain:nikeswim.com
domain:nikestyles.com
domain:nikestore.com
domain:nikestares.com
domain:nikesportswear.com
domain:booking.com
domain:bstatic.com
domain:coupang.com
domain:coupangcdn.com
domain:farfetch-apps.com
domain:farfetch-contents.com
domain:farfetch.com
domain:farfetch.net
domain:fflnk.net
domain:nordstrommedia.com
domain:chimeforchange.org
domain:gucci.com
domain:guccimuseo.com
domain:guccitimeless.com
domain:regiongold.com
domain:ikea.ma
domain:ikea.mx
domain:ikea.au
domain:ikea.be
domain:ikea.bg
domain:ikea.bh
domain:ikea.ca
domain:ikea.ch
domain:ikea.cl
domain:ingkacentres.com
domain:ingka.dev
domain:ingka.com
domain:ikea.net
domain:ikea.com
domain:ikea.us
domain:ikea.ua
domain:ikea.sk
domain:ikea.si
domain:ikea.sg
domain:ikea.sa
domain:ikea.ru
domain:ikea.rs
domain:ikea.de
domain:ikea.ro
domain:ikea.qa
domain:ikea.pt
domain:ikea.pr
domain:ikea.pl
domain:ikea.ph
domain:ikea.om
domain:ikea.no
domain:ikea.nl
domain:ikea.my
domain:ikea.at
domain:ikea.ae
domain:ikea.lv
domain:ikea.cz
domain:ikea.kr
domain:ikea.jp
domain:ikea.jo
domain:ikea.it
domain:ikea.is
domain:ikea.in
domain:ikea.ie
domain:ikea.lt
domain:ikea.dk
domain:ikea.hu
domain:ikea.do
domain:ikea.ee
domain:ikea.eg
domain:ikea.es
domain:ikea.fi
domain:ikea.fr
domain:ikea.gr
domain:ikea.hk
domain:ikea.hr
domain:nikesoccercleats.com
domain:nikesnowboarding.com
domain:nikesku.com
domain:nikeshoxsale.com
domain:nikeshoponline.com
domain:nikeshoeswon.com
domain:nikeshoesretro.com
domain:nikeshoesmarket.com
domain:nikeshoesinc.com
domain:nikeshoesgroup.com
domain:nikeshoescity.com
domain:nikeshoes4u.com
domain:nikeshoes21.com
domain:nikeshoes-store.com
domain:nikeshoemarket.com
domain:nikesellorder.com
domain:nikeselling.com
domain:nikeseason.com
domain:nikesbdunks.net
domain:nikesb.com
domain:nikerunningshoes.com
domain:nikerunner.com
domain:nikereuseashoe.com
domain:nikeresponsibility.com
domain:nikepromax.com
domain:nikeproduct.com
domain:nikeprice.com
domain:nikepress.com
domain:nikeplus.org
domain:nikeplus.com
domain:nikepioneer.com
domain:nikeoutletstores.com
domain:nikeoutletstore.com
domain:nikeonlinestore.com
domain:niken7.com
domain:letsmoveforabetterworld.com
domain:technogym.bg
domain:technogym.ch
domain:technogym.com
domain:technogym.ru
domain:technogym.su
domain:wellnessinstitute.com
domain:nikenews.com
domain:ggsel.com
domain:ggsel.net
domain:momo.dm
domain:momo5188.com
domain:nikemarketing.com
domain:nikelunarglide.com
domain:nordstrom.com
domain:target.com
domain:targetimg1.com
domain:bby.com
domain:bbycastatic.ca
domain:bbycloud.com
domain:bbycontent.com
domain:bbycontent.net
domain:bbyintl.com
domain:bbystatic.com
domain:bbyurl.us
domain:bestbhy.com
domain:bestbuy-audio.com
domain:bestbuy-communityrelations.com
domain:bestbuy-giftcard.info
domain:bestbuy-int.com
domain:bestbuy-jobs.com
domain:bestbuy.ca
domain:bestbuy.com
domain:bestbuy.info
domain:bestbuy24x7solutions.com
domain:bestbuybusiness.com
domain:bestbuybusinessadvantageaccount.com
domain:bestbuycanada.ca
domain:bestbuycanada.com
domain:bestbuycanadaltd.ca
domain:bestbuycharityclassic.com
domain:bestbuycoffeemakers.com
domain:bestbuyethics.com
domain:bestbuyforbusiness.ca
domain:bestbuygsm.com
domain:bestbuyideax.com
domain:bestbuyphotoworkshoptours.com
domain:bestbuyrewards.com
domain:bestbuyrewardzone.ca
domain:bestbuys.com
domain:bestbuysgeeksquad.com
domain:bestbuysolutions.net
domain:bestbuystores.com
domain:bestbuytradein.com
domain:bestbuyus.com
domain:besztbuy.com
domain:bextbuy.com
domain:bienvenuechezbestbuy.ca
domain:cowboom.com
domain:futureshop.ca
domain:initproducts.com
domain:mybestbuy.com
domain:mybestbuyclaims.com
domain:myrewardzone.com
domain:myrz.com
domain:pacifickitchenandhome.com
domain:tiendabestbuy.com
domain:unbrandedproducts.com
domain:welcometobestbuy.ca
domain:wolfatbestbuy.com
domain:wolfatbestbuy.net
domain:www-bestbuystores.com
domain:geek-squad-support.com
domain:geek-squad.net
domain:geek-squad.org
domain:geek-squads.net
domain:geeksquad.ca
domain:geeksquad.cc
domain:geeksquad.com
domain:geeksquad.net
domain:geeksquad.tv
domain:geeksquadcares.com
domain:geeksquadcentral.com
domain:geeksquadforums.com
domain:geeksquadonline.com
domain:geeksquadprotectionplan.org
domain:geeksquadservices.org
domain:geeksquadwebroot.org
domain:gscanada.info
domain:gsccdn.com
domain:gslink.us
domain:onlinegeeksquad.com
domain:rocketfishproducts.com
domain:dealtree.org
domain:techliquidators.com
domain:nikelives.com
domain:hm.com
domain:myshopify.com
domain:shop.app
domain:shopify.com
domain:shopify.dev
domain:shopifycdn.com
domain:shopifycloud.com
domain:shopifystatus.com
domain:shopifysvc.com
domain:wbr.by
domain:ozon.by
domain:ozoncard.ru
domain:o3team.ru
domain:o-courier.ru
domain:ocourier.ru
domain:ozon-dostavka.ru
domain:ozoncamp.pro
domain:ozon.tech
domain:wbrep.ru
domain:ozon.com
domain:o3.ru
domain:xn--e1adjldbbpv.xn--90ais
domain:ozon.dev
domain:ozon.express
domain:ozon.kz
domain:ozon.li
domain:ozon.ru
domain:ozon-tech.ru
domain:rocketozon.by
domain:ozone.ru
domain:ozon-credit.ru
domain:o3t.ru
domain:ozoncom.by
domain:ozoncorporate.ru
domain:xn--80aafgovrgbc7am.xn--p1ai
domain:ozonglobalevents.com
domain:ozonpartners.by
domain:ozonpartners.ru
domain:ozonrocet.by
domain:ozonroket.by
domain:xn----8sbahiqzthbd0bn.xn--p1ai
domain:ozonru.com
domain:ozonru.eu
domain:ozonru.me
domain:ozonsport.ru
domain:ozon.tm
domain:ozonusercontent.com
domain:ozon.travel
domain:digitalwb.ru
domain:etradebook.ru
domain:geobasket.ru
domain:mp.world
domain:onlyjobs.ru
domain:paywb.com
domain:paywb.ru
domain:rwb.ru
domain:rwbautomation.ru
domain:rwbautomation.tech
domain:rwbgeo.ru
domain:russoutdoor.ru
domain:vamzakaz.ru
domain:vsemrabota.ru
domain:warehouse.domains
domain:wb-bank.ru
domain:wb-basket.ru
domain:wb-cloud.ru
domain:wb-sale.ru
domain:wb.am
domain:wb.kg
domain:wb.kz
domain:wb.ru
domain:wbautomation.ru
domain:wbautomation.tech
domain:wbbasket.ru
domain:wbdubna.ru
domain:wbkids.ru
domain:wbmail.ru
domain:wbmotivator.ru
domain:wbpay.ru
domain:digital-wb.ru
domain:ozonstatus.ru
domain:wbtek.ru
domain:wbstatic.ru
domain:wbstatic.net
domain:wbwh.ru
domain:wbwh.tech
domain:wibes.com
domain:wibes.ru
domain:wildberries.am
domain:wildberries.by
domain:wildberries.es
domain:wildberries.eu
domain:wildberries.ge
domain:wildberries.kg
domain:wildberries.kz
domain:wildberries.lt
domain:wildberries.ru
domain:wildberries.tj
domain:wildberries.tm
domain:wildberries.uz
domain:xn--90ab.com
domain:velberis.ru
domain:vildberis.ru
domain:waildberies.ru
domain:waldberies.ru
domain:waldberis.ru
domain:walderis.ru
domain:wallberis.ru
domain:weildberries.ru
domain:welberris.ru
domain:weldberies.ru
domain:weldberres.ru
domain:weldberric.ru
domain:wellberies.ru
domain:wellberes.ru
domain:widberri.ru
domain:widberris.ru
domain:wieldberris.ru
domain:wilberes.ru
domain:wilberies.ru
domain:wilberris.ru
domain:wilberry.ru
domain:wildbaries.ru
domain:wildbarries.ru
domain:wildbeeries.ru
domain:wildberiss.ru
domain:wildberr.ru
domain:wildbiries.ru
domain:wildbirris.ru
domain:wildberdes.ru
domain:wildberriess.ru
domain:wildberrise.ru
domain:wildbress.ru
domain:wildbries.ru
domain:wildbrris.ru
domain:wildeberies.ru
domain:wildeberris.ru
domain:wiliberes.ru
domain:willberiess.ru
domain:willberis.ru
domain:wldberris.ru
domain:wolfberries.ru
domain:xn--80acbjgmges7ca.xn--p1ai
domain:xn--80acbjgsdq2cl.xn--p1ai
domain:avito.ru
domain:avito.st
domain:nikeliuxiang.com
domain:nikelink.com
domain:nikekid.com
domain:nikekd.com
domain:nikeitaly.com
domain:dmm.com
domain:dmm-extension.com
domain:dmmapis.com
domain:dmmrex.com
domain:nikeitalia.com
domain:ebuyer.com
domain:ecimg.tw
domain:pchomeec.tw
domain:pcloud.tw
domain:nikeit.com
domain:nikeinstock.com
domain:nikeincchemistry.com
domain:nikeinc.com
domain:nikeidshoes.com
domain:nikehyperdunk.com
domain:nikehightops.com
domain:nikehelp.com
domain:suruga-ya.com
domain:suruga-ya.jp
domain:redino.tw
domain:w-mt.co
domain:wal-mart.com
domain:wal.co
domain:walmart-content.com
domain:walmart.com
domain:walmart.pharmacy
domain:walmartimages.com
domain:wmt.co
domain:homedepot-static.com
domain:homedepot.com
domain:nikegrid.com
domain:nikegolf.ca
domain:muji.com
domain:muji.eu
domain:muji.net
domain:muji.tw
domain:muji.us
domain:mujikorea.net
domain:xn--74q035i.xn--hxt814e
domain:airmax360.com
domain:nike.host
domain:costco-static.com
domain:costco.com
domain:costcobusinessdelivery.com
domain:miniso.com
domain:miniso.pe
domain:miniso.pk
domain:miniso-np.com
domain:miniso-nz.com
domain:miniso.by
domain:miniso.ca
domain:miniso.co
domain:myminiso.com
domain:minisokorea.com
domain:miniso-bh.com
domain:miniso-au.com
domain:minisovietam.vn
domain:minisojordan.com
domain:minisoindia.com
domain:miniso.uz
domain:adidas.it
domain:miniso.ge
domain:miniso.ie
domain:miniso.jp
domain:miniso.ma
domain:miniso.my
domain:minisothailand.com
domain:nikefreeshoes.com
domain:nikefree.com
domain:nikefrance.com
domain:nikefr.com
domain:nikefoundation.org
domain:nikefootballjersey.com
domain:nikefootballgloves.com
domain:nikefootballcleats.com
domain:nikefoampositeshoes.com
domain:nikefoamposites.com
domain:wish.com
domain:adidassailing.com
domain:adidas.cz
domain:adidas.be
domain:adidas.bh
domain:adidas.ca
domain:adidas.ch
domain:adidas.cl
domain:adidas.co
domain:shopadidas.com
domain:shopadidas.ca
domain:miteam.com
domain:micoach.com
domain:miadidas.com
domain:adidasusnews.com
domain:adidastabletennis.com
domain:adidas.com
domain:adidasspecialtysports.sk
domain:adidas.nl
domain:adidasspecialtysports.se
domain:adidasspecialtysports.ru
domain:adidasspecialtysports.pl
domain:adidasspecialtysports.nl
domain:adidas.at
domain:adidasspecialtysports.it
domain:adidasspecialtysports.ie
domain:adidasspecialtysports.fr
domain:adidas.mx
domain:adidasspecialtysports.fi
domain:adidasspecialtysports.es
domain:adidasspecialtysports.dk
domain:adidasspecialtysports.de
domain:adidasspecialtysports.at
domain:adidas.de
domain:adidas.dk
domain:adidas.es
domain:adidas.fi
domain:adidas.fr
domain:adidas.gr
domain:pornhubapparel.com
domain:adidas.ie
domain:ebayca.org
domain:r10s.com
domain:airbnb.lu
domain:adidasspecialtysports.cz
domain:adidasspecialtysports.be
domain:adidas.no
domain:adidas.pe
domain:adidas.pl
domain:adidas.pt
domain:adidas.ru
domain:adidas.se
domain:adidas.sk
domain:adidas.jp
domain:adidasarchive.org
domain:adidas-archive.org
domain:adidasbadminton.com
domain:adidasboxing.com
domain:adidascdn.com
domain:adidas-group.ca
domain:adidas-group.com
domain:adidasgymnastics.com
domain:adidashockey.com
domain:adidasmotorsport.com
domain:adidas.ae
domain:nikefirm.com
domain:nikefind.com
domain:nikefactorystore.com
domain:nikeelite.com
domain:nikedunksshoes.com
domain:nikedunks.net
domain:nikedawn.com
domain:nikecraft.com
domain:nikeclub.com
domain:nikecloud.com
domain:nikechosen.com
domain:nikeconfluence.com
domain:nikecompany.com
domain:nikecdn.com
domain:nikeby.com
domain:nikebuy.com
domain:nikebiz.info
domain:nikebetterworld.org
domain:nikebetterworld.net
domain:nikebetterworld.info
domain:nikebetterworld.com
domain:nikebetrue.com
domain:nikebbn.com
domain:craigslist.org
domain:ebayit.com
domain:ebay.pl
domain:adcommerce.tv
domain:appsonebay.net
domain:asebay.com
domain:baazee.com
domain:bidbay.com
domain:bidorbuyindia.com
domain:billpoint.com
domain:billpoint.info
domain:billpoint.tv
domain:billpoint.us
domain:billpointnewzealand.com
domain:blogebay.com
domain:bookclubcorner.com
domain:builtfromebay.com
domain:buyitnow.com
domain:buyitnow.net
domain:buyitnow.org
domain:buyitnow.tv
domain:buyitnowshop.net
domain:cafr.ca
domain:carebay.com
domain:cargigileads.com
domain:cebay.com
domain:collective99.com
domain:commerceos.com
domain:connectcommerce.hk
domain:connectcommerce.info
domain:connectcommerce.tv
domain:connectedcommerce.com
domain:connectedcommerce.tv
domain:crececonebay.com
domain:creditcardsbay.com
domain:cyber-bay.info
domain:cyber-bay.org
domain:dba.dk
domain:dealbay.com
domain:dealtime.com
domain:didce.com
domain:douya.org
domain:dreamtoplay.com
domain:e-bay.com
domain:e-bay.it
domain:e-bay.net
domain:21centuryaccess.com
domain:eachpay.net
domain:ebahy.com
domain:ebay-authenticate.net
domain:ebay-confirm.com
domain:ebay-course.com
domain:ebay-cz.com
domain:ebay-delivery.com
domain:ebay-discoveries.com
domain:ebay-fashion.com
domain:ebay-inc.com
domain:ebay-inc.net
domain:ebay-inc.org
domain:ebay-online.com
domain:ebay-sales.com
domain:ebay-stories.com
domain:ebay-us.com
domain:ebay-vacation.com
domain:ebay.at
domain:ebay.be
domain:ebay.ca
domain:ebay.ch
domain:ebay.com
domain:ebay.de
domain:ebay.es
domain:ebay.fr
domain:ebayjob.com
domain:wrenchead.com
domain:whisolutions.com
domain:renchead.com
domain:nexpart.tv
domain:nexpart.com
domain:nexcat.com
domain:thebayuk.com
domain:terrapeak.com
domain:ebay.in
domain:ebay.it
domain:ebay.jp
domain:ebay.lt
domain:ebay.mn
domain:ebay.nl
domain:ebay.org
domain:ebay.ph
domain:ebay.pk
domain:ebayjewelry.com
domain:ebay.sg
domain:ebay.us
domain:ebay.vn
domain:ebay25.com
domain:ebay68.com
domain:ebaya.com
domain:ebayads.com
domain:ebayads.net
domain:ebayadvertising.com
domain:ebayanunsios.net
domain:ebayauction.com
domain:ebayaustralia.com
domain:teraperk.com
domain:terapeak.info
domain:terapeak.hk
domain:terapeak.com
domain:terapeak.ca
domain:ebaybags.com
domain:ebaybank.com
domain:ebaybenefits.com
domain:ebayboutique.com
domain:ebayca.com
domain:adidas.in
domain:ebaycafe.com
domain:ebaycar.com
domain:ebaycareers.com
domain:terapeack.com
domain:ebaycdn.net
domain:ebaychina.net
domain:ebayclassifiedsgroup.com
domain:ebayclassifieds.com
domain:ebayclassifieds.info
domain:ebayclassifieds.org
domain:ebayclassifieds.tv
domain:ebayclassifiedsgroup.info
domain:ebayclassifiedsgroup.org
domain:ebayclassifies.com
domain:ebayclub.com
domain:ebaycoins.com
domain:ebaycom.com
domain:ebaycommercenetwork.com
domain:ebaycourse.com
domain:ebayd.com
domain:ebayde.com
domain:ebaydlassifieds.com
domain:ebaydts.com
domain:ebayedu.com
domain:ebayeletro.com
domain:ebayenterprise.com
domain:ebayenterprise.info
domain:ebayenterprise.net
domain:ebayenterprise.tv
domain:ebayetc.com
domain:ebayexpress.sg
domain:ebayfashion.com
domain:ebayfashion.net
domain:ebayforcharity.org
domain:ebayforeclosure.org
domain:ebayfrance.com
domain:ebayglobalshipping.com
domain:ebaygroup.com
domain:ebayhabit.com
domain:ebayheels.com
domain:ebayhots.com
domain:ebayimg.com
domain:ebayinc.com
domain:ebayinc.net
domain:ebayinc.org
domain:ebayincconnectedcommerce.net
domain:ebayinkblog.com
domain:ebayinternetsalestax.com
domain:eachpay.com
domain:4ebaytraders.com
domain:ebay.ie
domain:ebayla.org
domain:ebaylisting.com
domain:ebaylocal.net
domain:ebaylocationsdevacances.com
domain:ebaymag.com
domain:ebaymainstreet.com
domain:ebaymall.com
domain:ebaymarketplace.net
domain:ebaymotors.ca
domain:ebaymotors.com
domain:ebaymotors.org
domain:ebaymotorsblog.com
domain:ebaynow.com
domain:ebaynyc.com
domain:ebayon.com
domain:ebayon.net
domain:ebayoncampus.com
domain:ebayopen.com
domain:ebayopensource.com
domain:ebayopensource.net
domain:ebaypakistan.net
domain:ebaypark.com
domain:ebayparts.com
domain:ebayprivacycenter.com
domain:ebayqq.com
domain:ebayradio.com
domain:ebayrtm.com
domain:ebayseller.com
domain:ebayshoesstore.com
domain:ebayshop.com
domain:ebayshop111.com
domain:ebayshopping.org
domain:ebaysocial.com
domain:ebaysocial.ru
domain:ebaysoho.com
domain:ebaysohos.com
domain:ebaystatic.com
domain:ebaystore.com
domain:ebaystore77.com
domain:ebaystyle.com
domain:ebaysweden.com
domain:ebayt.com
domain:ebaytechblog.com
domain:ebaytopratedseller.net
domain:ebaytrading.com
domain:ebaytradingassistant.com
domain:ebaytv.org
domain:ebayuae.net
domain:ebayvakantiehuizen.com
domain:ebayvalet.com
domain:ebayvietnam.net
domain:ebayworlds.com
domain:ebayy.com
domain:edisebay.com
domain:eebay.com
domain:epinions.com
domain:eu-consumer-empowerment.com
domain:expertmaker.com
domain:fairmarket.com
domain:fragrancebay.com
domain:francemail.com
domain:half.com
domain:half.tv
domain:halfcanada.com
domain:halfjapan.com
domain:handbagsoutletebay.com
domain:iebay.com
domain:irribay.com
domain:itsbetterwhenyouwinit.com
domain:liketwice.com
domain:liveauction.com
domain:milofetch.com
domain:musicbay.net
domain:myconstructionworld.net
domain:myebay.com
domain:nebay.net
domain:paisapay.cc
domain:paisapay.info
domain:paisapay.tv
domain:premobay.com
domain:privatemarketplaces.net
domain:privatemarketplaces.us
domain:prostores.com
domain:rethink.net
domain:shopibay.net
domain:shoping.com
domain:tearapeak.com
domain:sourcingforebay.net
domain:sourcingforebay.tv
domain:speybay.com
domain:storesense.com
domain:svpply.com
domain:telebay.com
domain:telesell.com
domain:texttobuy.org
domain:theebayshop.com
domain:theopportunityproject.org
domain:towerauction.com
domain:vendu.com
domain:weareebay.com
domain:watch-ebay.org
domain:wwwdecide.com
domain:wwwebay.com
domain:wwwebay.net
domain:wwwwebay.com
domain:xindelu.com
domain:xn--3et96bj49ahpq.com
domain:xn--4vq475g.com
domain:xn--4vq477m.com
domain:xn--7hv594h.com
domain:xn--hb4aw0g.com
domain:xn--q41am8x.com
domain:xn--qoq462m.com
domain:xn--tkry91n.com
domain:xn--ubt498knmf.com
domain:xn--xsq421m.com
domain:xn--xsq605n.com
domain:xn--xsq959n.com
domain:xn--yf1at58a.com
domain:xxbay.com
domain:yibei.org
domain:gittigidiyor.net
domain:gittigidiyorsikayet.com
domain:gumtree.sg
domain:jijiji.ca
domain:kiji.ca
domain:kijii.ca
domain:kijij.ca
domain:kijiji.ca
domain:kijijiauto.ca
domain:kijijiautos.ca
domain:kijijiforbusiness.ca
domain:kijijii.ca
domain:kijijiraps.ca
domain:kijji.ca
domain:kijjiji.ca
domain:automobile.fr
domain:mobile.de
domain:mobileinternational.com
domain:q10.jp
domain:qoo10.jp
domain:achievementanalytics.com
domain:cdn-terapeak.com
domain:listinganalytics.net
domain:marketexecutive.net
domain:nikeb.com
domain:nikeaw77.com
domain:nikeaustralia.com
domain:air-nike-shoes.com
domain:nikeairrift.com
domain:nikeairmaxshoes.com
domain:nikeairmaxs.com
domain:nikeairmax.com
domain:nikeairhuarache.com
domain:nikeadidas.com
domain:nike23.com
domain:nike0594.com
domain:nike.xn--hxt814e
domain:nike.us
domain:nike.shop
domain:nikefuelband.com
domain:readmoo.com
domain:nikegadgets.com
domain:nikeasia.com
domain:beijingnike.com
domain:betternike.com
domain:buynikechina.com
domain:cheap-nike.com
domain:cheapnikedunks.com
domain:cheapnikeoutlet.com
domain:classicnike.com
domain:cnnikebrand.com
domain:customnikeshoes.com
domain:easynike.com
domain:eenike.com
domain:fashionnike.com
domain:finenike.com
domain:foampositeshoes.com
domain:goldnikeclub.com
domain:gonike.com
domain:handbags-nike.com
domain:hightopnikes.com
domain:idnike.com
domain:inikesneakers.com
domain:justdoit.us
domain:kicksnike1.com
domain:kidsnikeshoes.com
domain:mynike.com
domain:nike-air-max.com
domain:nike-dunksb.com
domain:nike-fr.com
domain:nike-org.com
domain:nike-uk.com
domain:nike-us.com
domain:nike-usa.com
domain:nike.ci
domain:nike.com
domain:nike.gy
domain:nike.hk
domain:miniso.com.es
domain:miniso.com.mx
domain:ikea.co.om
domain:ebay.co.za
domain:ebay.com.ar
domain:ebay.com.au
domain:ebay.com.my
domain:terapeak.com.hk
domain:ebaycbt.co.kr
domain:ebay.com.mt
domain:ebay.com.ph
domain:sourcingforebay.com.cn
domain:ebay.com.hk
domain:ebayauthenticate.com.cn
domain:ebay.com.ec
domain:ebay.com.sg
domain:adidas.co.id
domain:adidas.co.in
domain:adidas.co.kr
domain:adidas.co.nz
domain:ikea.co.jp
domain:adidas.co.uk
domain:adidas.co.za
domain:adidas.com.ar
domain:adidas.com.br
domain:adidas.com.co
domain:adidas.com.eg
domain:adidas.com.hk
domain:adidas.com.pe
domain:adidas.com.ph
domain:adidas.com.qa
domain:adidas.com.sg
domain:adidas.com.tr
domain:adidas.com.tw
domain:adidas.com.vn
domain:adidas.com.sa
domain:adidasspecialtysports.co.uk
domain:adidas.com.au
domain:adidas.com.my
domain:loveminiso.com.br
domain:miniso.co.tz
domain:ikea.co.kr
domain:minisolife.co.za
domain:miniso.com.gr
domain:ebay.co.ve
domain:miniso.com.pl
domain:miniso.com.py
domain:miniso.com.tr
domain:miniso.co.id
domain:books.com.tw
domain:book.com.tw
domain:muji.com.hk
domain:ruten.com.tw
domain:rimg.com.tw
domain:ebay.co.nz
domain:tagapie.com.tw
domain:rakuya.com.tw
domain:piapp.com.tw
domain:pcstore.com.tw
domain:pchomepay.com.tw
domain:pchomeonline.com.tw
domain:pchome.com.tw
domain:dmm.co.jp
domain:wildberries.co.il
domain:ozon.com.by
domain:ewisdom.us.kg
domain:ozon.com.kz
domain:ozonru.co.il
domain:bestbuy.com.mx
domain:momoshop.com.tw
domain:momomall.com.tw
domain:technogym.com.br
domain:ikea.co.at
domain:ikea.com.hk
domain:ikea.co.de
domain:ikea.co.id
domain:ikea.co.il
domain:adidas.co.th
domain:toget.com.tw
domain:ebay.co.uk
domain:ikea.com.ua
domain:ikea.co.pl
domain:ikea.co.th
domain:ikea.co.uk
domain:ikea.com.au
domain:ikea.com.de
domain:ikea.com.do
domain:ikea.com.eg
domain:ikea.com.sa
domain:ikea.com.kw
domain:ikea.co.ca
domain:ikea.co.ph
domain:ikea.com.lv
domain:ikea.com.mx
domain:ikea.com.my
domain:ikea.com.om
domain:ikea.com.pl
domain:ikea.com.pr
domain:ikea.com.pt
domain:ikea.com.ro
domain:ikea.com.ru
domain:ikea.com.gr
domain:ikea.com.sg
domain:ikea.com.cy
domain:ikea.com.in
domain:ikea.com.tr
domain:ikea.com.tw
domain:airbnb.co.cr
domain:airbnb.co.id
domain:airbnb.co.il
domain:airbnb.co.in
domain:airbnb.co.kr
domain:airbnb.co.nz
domain:airbnb.co.ve
domain:airbnb.co.za
domain:airbnb.com.ar
domain:airbnb.com.au
domain:airbnb.com.bo
domain:airbnb.com.br
domain:airbnb.com.bz
domain:airbnb.com.co
domain:airbnb.com.ec
domain:airbnb.com.ee
domain:airbnb.com.gt
domain:airbnb.com.hk
domain:airbnb.com.hn
domain:airbnb.com.hr
domain:airbnb.com.kh
domain:airbnb.com.mt
domain:airbnb.com.my
domain:airbnb.com.ni
domain:airbnb.com.pa
domain:airbnb.com.pe
domain:airbnb.com.ph
domain:airbnb.com.py
domain:nike.com.br
domain:nike.com.hk
domain:nikestore.com.au
domain:airbnb.com.ro
domain:airbnb.com.sg
domain:airbnb.com.sv
domain:airbnb.com.tr
domain:airbnb.com.vn
domain:airbnb.com.ua
domain:airbnb.com.tw
domain:airbnb.co.uk
domain:rakuten.ne.jp
domain:rakuten.com.tw
domain:rakuten.co.jp
domain:i69.com.tw
domain:axbdoll.com.tw
domain:shopee.co.id
domain:shopee.co.th
domain:shopee.com.my
domain:shopee.com.mx
domain:shopee.com.co
domain:shopee.com.br
domain:booking.cn
domain:farfetch.cn
domain:farfetch.com.cn
domain:farfetch.net.cn
domain:gucci.cn
domain:ikea.cn
domain:ingka-dt.cn
domain:ingka-internal.cn
domain:ingka-system.cn
domain:bestbuy.cn
domain:bestbuy.com.cn
domain:magnoliaav.com.cn
domain:hm.com.cn
full:ad.ozone.ru
full:adv.ozon.ru
full:agency-adv.ozon.ru
full:analytics-adv.ozon.ru
full:beginners-adv.ozon.ru
full:google-analytics-suite.ozon.ru
full:loyalnost-adv.ozon.ru
full:new-adv.ozon.ru
full:prodvizhenie-adv.ozon.ru
full:questions-adv.ozon.ru
full:sentry.ozon.ru
full:xapi.ozon.by
full:xapi.ozon.com
full:xapi.ozon.com.by
full:xapi.ozon.com.kz
full:xapi.ozon.kz
full:xapi.ozon.ru
full:xapi.ozonru.me
full:ads-gate.wildberries.ru
full:ads-media.wildberries.ru
full:ads.wildberries.ru
full:advert-api.wb.ru
full:advert-api-sandbox.wb.ru
full:advert-media-api.wb.ru
full:advert-api.wildberries.ru
full:advert-api-sandbox.wildberries.ru
full:advert-media-api.wildberries.ru
full:analytics-stage.wildberries.ru
full:analytics.wildberries.ru
full:marketing-info.wildberries.ru
full:marketplace-sentry.wb.ru
full:sentry.wb.ru
full:web-analytics.wildberries.ru
domain:ad.games.dmm.com
domain:bluekai.com
domain:fout.jp
domain:gmossp-sp.jp
domain:i-mobile.co.jp
domain:im-apps.net
domain:impact-ad.jp
domain:ladsp.com
domain:microad.co.jp
domain:microad.jp
domain:socdm.com
domain:walmart.cn
domain:muji.com.cn
domain:miniso.cn
domain:minisohome.cn
domain:minsio.cn
domain:adidas.cn
domain:adidas.com.cn
domain:adidasspecialtysports.cn
domain:adcommerce.cn
domain:appforebay.cn
domain:connectcommerce.cn
domain:connectcommerce.com.cn
domain:connectedcommerce.cn
domain:cyber-bay.cn
domain:cyber-bay.com.cn
domain:ebay.cn
domain:ebay.com.cn
domain:ebay.net.cn
domain:ebay.org.cn
domain:ebay.yn.cn
domain:ebay.zj.cn
domain:ebayadvertising.cn
domain:ebayclassifieds.cn
domain:ebayclassifieds.com.cn
domain:ebaydesc.cn
domain:ebaydesc.com.cn
domain:ebaydns.cn
domain:ebayenterprise.cn
domain:ebayenterprise.com.cn
domain:ebaymotors.cn
domain:ebaymotors.com.cn
domain:ebaypedia.cn
domain:ebaypedia.com.cn
domain:ebayshopping.cn
domain:ebayshopping.com.cn
domain:ebaystatic.cn
domain:ebaystores.cn
domain:half.com.cn
domain:prostores.cn
domain:prostores.com.cn
domain:xn--7hvy28f.cn
domain:kijijidns.cn
domain:kijijidns.com.cn
domain:mobileinternational.com.cn
domain:terapeak.cn
domain:just-do-it.cn
domain:nike-shox.cn
domain:nike.cn
domain:nikebetterworld.cn
domain:nikebetterworld.com.cn
domain:nikechina.cn
domain:nikegolf.cn
domain:nikeid.cn
domain:nikeid.com.cn
domain:nikeinc.com.cn
domain:nikelab.cn
domain:nikelab.com.cn
domain:nikeliuxiang.cn
domain:nikeliuxiang.com.cn
domain:nikemall.cn
domain:nikemall.com.cn
domain:nikerunclub.cn
domain:nikerunclub.com.cn
domain:nikerunning.com.cn
domain:nikestore.cn
domain:shopee.cn
domain:shopeesz.com
