domain:wbr.by
domain:ozon.by
domain:ozoncard.ru
domain:o3team.ru
domain:o-courier.ru
domain:ocourier.ru
domain:ozon-dostavka.ru
domain:ozoncamp.pro
domain:ozon.tech
domain:wbrep.ru
domain:ozon.com
domain:o3.ru
domain:xn--e1adjldbbpv.xn--90ais
domain:ozon.dev
domain:ozon.express
domain:ozon.kz
domain:ozon.li
domain:ozon.ru
domain:ozon-tech.ru
domain:rocketozon.by
domain:ozone.ru
domain:ozon-credit.ru
domain:o3t.ru
domain:ozoncom.by
domain:ozoncorporate.ru
domain:xn--80aafgovrgbc7am.xn--p1ai
domain:ozonglobalevents.com
domain:ozonpartners.by
domain:ozonpartners.ru
domain:ozonrocet.by
domain:ozonroket.by
domain:xn----8sbahiqzthbd0bn.xn--p1ai
domain:ozonru.com
domain:ozonru.eu
domain:ozonru.me
domain:ozonsport.ru
domain:ozon.tm
domain:ozonusercontent.com
domain:ozon.travel
domain:digitalwb.ru
domain:etradebook.ru
domain:geobasket.ru
domain:mp.world
domain:onlyjobs.ru
domain:paywb.com
domain:paywb.ru
domain:rwb.ru
domain:rwbautomation.ru
domain:rwbautomation.tech
domain:rwbgeo.ru
domain:russoutdoor.ru
domain:vamzakaz.ru
domain:vsemrabota.ru
domain:warehouse.domains
domain:wb-bank.ru
domain:wb-basket.ru
domain:wb-cloud.ru
domain:wb-sale.ru
domain:wb.am
domain:wb.kg
domain:wb.kz
domain:wb.ru
domain:wbautomation.ru
domain:wbautomation.tech
domain:wbbasket.ru
domain:wbdubna.ru
domain:wbkids.ru
domain:wbmail.ru
domain:wbmotivator.ru
domain:wbpay.ru
domain:digital-wb.ru
domain:ozonstatus.ru
domain:wbtek.ru
domain:wbstatic.ru
domain:wbstatic.net
domain:wbwh.ru
domain:wbwh.tech
domain:wibes.com
domain:wibes.ru
domain:wildberries.am
domain:wildberries.by
domain:wildberries.es
domain:wildberries.eu
domain:wildberries.ge
domain:wildberries.kg
domain:wildberries.kz
domain:wildberries.lt
domain:wildberries.ru
domain:wildberries.tj
domain:wildberries.tm
domain:wildberries.uz
domain:xn--90ab.com
domain:velberis.ru
domain:vildberis.ru
domain:waildberies.ru
domain:waldberies.ru
domain:waldberis.ru
domain:walderis.ru
domain:wallberis.ru
domain:weildberries.ru
domain:welberris.ru
domain:weldberies.ru
domain:weldberres.ru
domain:weldberric.ru
domain:wellberies.ru
domain:wellberes.ru
domain:widberri.ru
domain:widberris.ru
domain:wieldberris.ru
domain:wilberes.ru
domain:wilberies.ru
domain:wilberris.ru
domain:wilberry.ru
domain:wildbaries.ru
domain:wildbarries.ru
domain:wildbeeries.ru
domain:wildberiss.ru
domain:wildberr.ru
domain:wildbiries.ru
domain:wildbirris.ru
domain:wildberdes.ru
domain:wildberriess.ru
domain:wildberrise.ru
domain:wildbress.ru
domain:wildbries.ru
domain:wildbrris.ru
domain:wildeberies.ru
domain:wildeberris.ru
domain:wiliberes.ru
domain:willberiess.ru
domain:willberis.ru
domain:wldberris.ru
domain:wolfberries.ru
domain:xn--80acbjgmges7ca.xn--p1ai
domain:xn--80acbjgsdq2cl.xn--p1ai
domain:avito.ru
domain:avito.st
domain:ozonru.co.il
domain:ozon.com.kz
domain:ewisdom.us.kg
domain:ozon.com.by
domain:wildberries.co.il
full:ad.ozone.ru
full:adv.ozon.ru
full:agency-adv.ozon.ru
full:analytics-adv.ozon.ru
full:beginners-adv.ozon.ru
full:google-analytics-suite.ozon.ru
full:loyalnost-adv.ozon.ru
full:new-adv.ozon.ru
full:prodvizhenie-adv.ozon.ru
full:questions-adv.ozon.ru
full:sentry.ozon.ru
full:xapi.ozon.by
full:xapi.ozon.com
full:xapi.ozon.com.by
full:xapi.ozon.com.kz
full:xapi.ozon.kz
full:xapi.ozon.ru
full:xapi.ozonru.me
full:ads-gate.wildberries.ru
full:ads-media.wildberries.ru
full:ads.wildberries.ru
full:advert-api.wb.ru
full:advert-api-sandbox.wb.ru
full:advert-media-api.wb.ru
full:advert-api.wildberries.ru
full:advert-api-sandbox.wildberries.ru
full:advert-media-api.wildberries.ru
full:analytics-stage.wildberries.ru
full:analytics.wildberries.ru
full:marketing-info.wildberries.ru
full:marketplace-sentry.wb.ru
full:sentry.wb.ru
full:web-analytics.wildberries.ru
