domain:mybank.cn
domain:unionpayintl.com
domain:kcbebank.com
domain:shrbank.com
domain:bosc.cn
domain:unionpayintl.cn
domain:cebbank.com
domain:unionpaysecure.com
domain:unionpay.net
domain:unionpay.com
domain:cup62.cn
domain:abchina.com
domain:chinaunionpay.net
domain:psbc.com
domain:chinaunionpay.com
domain:whccb.com
domain:bankcomm.com
domain:95516.com
domain:bankcomm.cn
domain:ms-bank.cn
domain:webank.com
domain:webankcdn.net
domain:csxbank.com
domain:fbank.com
domain:xwbank.com
domain:zgcbank.com
domain:yillionbank.com
domain:z-bank.com
domain:95516.net
domain:wegobank.cn
domain:suningbank.com
domain:kshbank.cn
domain:xa-bank.com
domain:newupbank.com
domain:ymbank.com
domain:wxsbank.com
domain:hxb.com.cn
domain:hsbcqh.com.cn
domain:hsbcinsurance.com.cn
domain:hsbc.com.cn
domain:onebank.com.cn
domain:spdb.com.cn
domain:njcb.com.cn
domain:cmbc.com.cn
domain:citibank.com.cn
domain:cib.com.cn
domain:cgbchina.com.cn
domain:bsb.com.cn
domain:bankofbeijing.com.cn
domain:chinaunionpay.com.cn
domain:cup.com.cn
