domain:ddcorp.net
domain:kiwa-tech.com
domain:hdlcdns.com
domain:hwwt8.com
domain:heytea.com
domain:anlaiye.com
domain:yyds.co
domain:imcoming.com
domain:imcome.net
domain:meican.com
domain:bkchina.cn
domain:nongfuspring.com
domain:luckincoffeecdn.com
domain:lkcoffee.com
domain:whhhealth.com
domain:shuxinyc.com
domain:mxbc.com
domain:mxbc.net
domain:hophing.cn
domain:imaicai.mobi
domain:meicanstatic.com
domain:haidilao.com
domain:ddxq.mobi
domain:yumchina.com
domain:qmai.com
domain:qmai.cn
domain:qmimg.cn
domain:dduser.mobi
domain:kemen.cn
domain:517lppz.com
domain:lppz.com
domain:lppzimg.com
domain:100.me
domain:3songshu.com
domain:ddfresh.net
domain:ddimg.mobi
domain:ddmaicai.net
domain:ddmc.mobi
domain:dicos.com.cn
domain:yst.com.cn
domain:hophing.com.cn
domain:wahaha.com.cn
domain:kfc.com.cn
domain:anlaiye.com.cn
domain:logger.qmai.cn
domain:tracking.mcdonalds.com.cn
domain:trackingprd.hwwt8.com
domain:trackserver.shuxinyc.com
domain:4008-517-517.cn
domain:mcd.cn
domain:mcdchina.net
domain:mcdonalds.com.cn
