domain:itunes.co
domain:itunesradio.tw
domain:12diasderegalosdeitunes.co
domain:wwwitunes.com
domain:12diasdepresentesdeitunes.com
domain:itunesu.net
domain:12diasderegalosdeitunes.com
domain:itunesu.com
domain:itunesstore.co
domain:itunesradio.tv
domain:itunesradio.rio
domain:12diasderegalosdeitunes.cr
domain:12diasderegalosdeitunes.gt
domain:12diasderegalosdeitunes.hn
domain:12diasderegalosdeitunes.pe
domain:12joursdecadeauxdeitunes.com
domain:itun.es
domain:itunbes.com
domain:ituneas.com
domain:itunesradio.com
domain:itunes-radio.net
domain:itunes.ca
domain:iutunes.com
domain:12diasderegalosdeitunes.cl
domain:itunes.org
domain:itunes.hk
domain:itunes.mx
domain:itunes.com
domain:itunes.rio
domain:itunes.us
domain:itunes12days.com
domain:itunesessentials.com
domain:itunesfestivals.com
domain:itunesiradio.com
domain:ituneslatino.com
domain:ituneslogin.net
domain:itunesmatch.com
domain:itunesparty.com
domain:12diasderegalosdeitunes.com.ve
domain:12diasderegalosdeitunes.com.ni
domain:itunes.co.th
domain:12diasderegalosdeitunes.com.hn
domain:12diasderegalosdeitunes.com.co
domain:12diasderegalosdeitunes.co.ve
domain:12diasderegalosdeitunes.co.ni
domain:12diasderegalosdeitunes.co.cr
domain:itunes-apple.com.akadns.net
domain:apple-itunes.cn
domain:itunes-apple.cn
domain:itunesapple.cn
domain:itunesradio.cn
domain:itunesradio.com.cn
