regexp:^[a-z]([a-z0-9-]{0,61}[a-z0-9])?$
domain:siambt.com
domain:vtbrussia.ru
domain:fcs-keys-pub-prod.cdn-apple.com
domain:tracker2.itzmx.com
domain:steamcontent.com
domain:tracker2.dler.org
domain:freestylediabetes.ru
domain:gazprombank.ru
domain:swcdn.apple.com
domain:icloud.ro
domain:d.f.ip6.arpa
domain:yandexcom.net
domain:riotgames.tv
domain:wns.notify.trafficmanager.net
domain:rekcart.duckdns.org
domain:sistema-capital.com
domain:exodus.desync.com
domain:leaguesharp.info
domain:tracker.dmcomic.org
domain:z.mercax.com
domain:9.rarbg.to
domain:2gis.uz
domain:icloud.jp
domain:gpmdi.ru
domain:u.wwwww.wtf
domain:lv.queniujq.cn
domain:vtb.bank.in
domain:baibako.tv
domain:iadsdk.apple.com
domain:router.utorrent.com
domain:retracker.lanta.me
domain:tracker.filemail.com
domain:belgorod.ru
domain:bt.3kb.xyz
domain:mediaclub.tv
domain:hh.ru
domain:tracker.bz
domain:a.e.f.ip6.arpa
domain:dxtkri2c61io4.cloudfront.net
domain:krd.ru
domain:jamal.ru
domain:mp.microsoft.com
domain:tyumen.ru
domain:65.100.in-addr.arpa
domain:tracker.nanoha.org
domain:icloud.se
domain:opentor.org
domain:79.100.in-addr.arpa
domain:cutiegirl.ru
domain:miya-news.online
domain:metal.iplay.ro
domain:tracker.bt4g.com
domain:ocsp.apple.com
domain:gu-st.ru
domain:f3b7q2p3.ssl.hwcdn.net
domain:volgograd.ru
domain:p4p.arenabg.com
domain:leagueoflegends.org
domain:youla-web-static.mrgcdn.ru
domain:shadowshq.yi.org
domain:21.172.in-addr.arpa
domain:gdmf.apple.com
domain:mvs-bank.ru
domain:taximaxim.ru
domain:95.100.in-addr.arpa
domain:tracker.bittorrent.am
domain:yandexwebcache.net
domain:tracker.filepit.to
domain:tracker.0x.tf
domain:23.172.in-addr.arpa
domain:115.100.in-addr.arpa
domain:xboxone.co
domain:d2dylwb3shzel1.cloudfront.net
domain:windows.com.akadns.net
domain:torrenttracker.nwc.acsalaska.net
domain:xbox360.org
domain:thevault.bz
domain:bt.3dmgame.com
domain:ican-sinocare.ru
domain:checkip.amazonaws.com
domain:mosreg.ru
domain:pinterest.ch
domain:ryazan.ru
domain:tracker.gmi.gd
domain:rt.tace.ru
domain:leike.cc
domain:127.in-addr.arpa
domain:pinterest.cl
domain:70.100.in-addr.arpa
domain:17.172.in-addr.arpa
domain:eac-cdn.com
domain:masters-tb.com
domain:tsaritsyn.ru
domain:tracker0.ufibox.com
domain:icloudapple.cn
domain:zte.home
domain:tracker.ds.is
domain:domclick.ru
domain:leaguoflegends.com
domain:yota.ru
domain:skl.apple.com
domain:20.172.in-addr.arpa
domain:public.popcorn-tracker.org
domain:dbo-dengi.online
domain:pinterest.dk
domain:surgut.ru
domain:retracker.local.msn-net.ru
domain:tracker01.loveapp.com
domain:funfile.org
domain:vk.ru
domain:tu-tu.ru
domain:prestige.minimafia.nl
domain:pvp.net
domain:localhost.ptlogin2.qq.com
domain:onedrive.com
domain:tracker2.indowebster.com
domain:bandito.byterunner.io
domain:lenta.com
domain:pinterest.ph
domain:leagueoflegends.cn
domain:d1g1f25tn8m2e6.cloudfront.net
domain:icloud.fr
domain:102.100.in-addr.arpa
domain:119.100.in-addr.arpa
domain:67.100.in-addr.arpa
domain:tracker.gbitt.info
domain:steam.apac.qtlglb.com
domain:kuban.ru
domain:alfafuture.ru
domain:dagestan.ru
domain:lemanapro.ru
domain:opentracker.acgnx.se
domain:tracker.bittor.pw
domain:thegeeks.bz
domain:pinterest.com.au
domain:riotforgegames.com
domain:steam-api.com
domain:nn.ru
domain:icloud.om
domain:blackcats-games.net
domain:icloud.ee
domain:vk.cc
domain:livefilestore.com
domain:academic-p2p.appspot.com
domain:xboxservices.com
domain:samara.ru
domain:alfaleasing.ru
domain:d3aqoihi2n8ty8.cloudfront.net
domain:icloudo.de
domain:steam.naeu.qtlglb.com
domain:tracker.fnix.net
domain:championshipseriesleague.com
domain:yandex.tm
domain:29.172.in-addr.arpa
domain:dellin.ru
domain:tracker.teambelgium.net
domain:vkuser.net
domain:68.100.in-addr.arpa
domain:adygeya.ru
domain:frontdoor.bigcatalog.commerce.microsoft.com
domain:astrakhan.ru
domain:2gis.ae
domain:pinterest.com.pe
domain:skydrivesync.policies.live.net
domain:ttvnw.net
domain:bt.ali213.net
domain:inferno.demonoid.pw
domain:leagueoflegends.info
domain:tracker.torrentbytes.net
domain:tracker.e-utp.net
domain:steam.tv
domain:chuvashia.ru
domain:tracker.36dm.com
domain:tracker.harry.lu
domain:simbirsk.ru
domain:tnt-online.ru
domain:gpb.ru
domain:vk-cdn.me
domain:75.100.in-addr.arpa
domain:77.100.in-addr.arpa
domain:memealerts.com
domain:kostroma.ru
domain:dpiui.reedlan.com
domain:eddie4.nl
domain:onedrive.co.uk
domain:rsscenter.cloud
domain:9.rarbg.me
domain:retracker.spark-rostov.ru
domain:ds0h3roq6wcgc.cloudfront.net
domain:93.100.in-addr.arpa
domain:83.100.in-addr.arpa
domain:kinorun.com
domain:internal
domain:xxxtor.com
domain:auto.ru
domain:icloudo.com
domain:vk-apps.ru
domain:adm.category5.tv
domain:yandex.com.ru
domain:ig.apple.com
domain:d1m7jfoe9zdc1j.cloudfront.net
domain:pvubank.com
domain:vk.link
domain:qms.ru
domain:tele2.ru
domain:vkcloud-static.ru
domain:ebs.ru
domain:bronevik.com
domain:yandex.de
domain:torrent-team.net
domain:retracker.netbynet.ru
domain:tracker.kali.org
domain:tracker1.itzmx.com
domain:tracker.cutie.dating
domain:vtb.promo
domain:alfabank.com
domain:tr.zukizuki.org
domain:riotgames.jp
domain:tracker.moeking.me
domain:open.demonoid.ch
domain:ekburg.ru
domain:molesports.com
domain:whoosh.bike
domain:open.stealth.si
domain:d36mepituis1gg.cloudfront.net
domain:wwwicloud.com
domain:yandex.az
domain:onedrive.eu
domain:ipapi.is
domain:kaluga.ru
domain:historyofdota.com
domain:xn--80ajghhoc2aj1c8b.xn--p1ai
domain:d2vjef5jvl6bfs.cloudfront.net
domain:tomsk.ru
domain:d2xmjdvx03ij56.cloudfront.net
domain:47news.ru
domain:vladimir.ru
domain:myapelsin.ru
domain:x5l.ru
domain:lol-europe.com
domain:torrentzilla.org
domain:krasyar.ru
domain:rzd.ru
domain:101.100.in-addr.arpa
domain:retracker.lanta-net.ru
domain:ns-1.x-fins.com
domain:torrentclub.online
domain:steam-chat.com
domain:vtbrussia.com
domain:100.100.in-addr.arpa
domain:tracker.nyaa.uk
domain:ip.sb
domain:85.100.in-addr.arpa
domain:tracker.pirateparty.gr
domain:nalchik.ru
domain:shubt.net
domain:icloud.vn
domain:government.ru
domain:kinescopecdn.net
domain:icloud-sandbox.com
domain:playvalorant.com
domain:72.100.in-addr.arpa
domain:icloudmail.net
domain:jx5.ru
domain:riot.com
domain:chihaya.toss.li
domain:trbcdn.net
domain:vibe.community
domain:vk-cdn.net
domain:pinterest.vn
domain:noosferabank.ru
domain:tracker.zemoj.com
domain:valvesoftware.com
domain:mscrl.microsoft.com
domain:ocsp.digicert.com
domain:thetradersden.org
domain:icloud.net.cn
domain:deviloid.net
domain:uatracker.net
domain:bankline.ru
domain:stavropol.ru
domain:carbon-bonsai-621.appspot.com
domain:potuk.com
domain:historyofdota.org
domain:91.100.in-addr.arpa
domain:pinterest.com.py
domain:aruacfilmes.com.br
domain:tracker.torrentsnows.com
domain:tracker.gigatorrents.ws
domain:invalid
domain:alfa-usa.com
domain:emias.info
domain:userapi.com
domain:mari-el.ru
domain:xbox360.com
domain:seeders-paradise.org
domain:sbermegamarket.ru
domain:commerzbank.ru
domain:tracker.waaa.moe
domain:netmonet.co
domain:pinterest.ie
domain:vklive.app
domain:d13j2sbsb4ncgj.cloudfront.net
domain:dom.ru
domain:pinterest.de
domain:xn--b1aew.xn--p1ai
domain:yandex.uz
domain:tracker.therarbg.to
domain:yandex.jobs
domain:tracker.sbsub.com
domain:ulan-ude.ru
domain:icloud.org
domain:share.hkg-fansub.info
domain:alfafinance.biz
domain:lcsmerch.com
domain:buryatia.ru
domain:moex.com
domain:kurgan.ru
domain:pow7.com
domain:baltbank.ru
domain:cdn-tinkoff.ru
domain:xboxone.eu
domain:bt.hliang.com
domain:victoria-group.ru
domain:8.b.d.0.1.0.0.2.ip6.arpa
domain:d2mb634i1sflda.cloudfront.net
domain:torrent.tdjs.tech
domain:fastvps.ru
domain:tracker.plx.im
domain:2gis.com.cy
domain:yandex.fi
domain:kp.ru
domain:psblog.ru
domain:yandex.fr
domain:rkbank.ru
domain:tehconnection.eu
domain:1c.ru
domain:1.0.0.0.0.0.0.0.0.0.0.0.0.0.0.0.0.0.0.0.0.0.0.0.0.0.0.0.0.0.0.0.ip6.arpa
domain:111.100.in-addr.arpa
domain:vl.ru
domain:100.51.198.in-addr.arpa
domain:tracker.msm8916.com
domain:tracker.opentracker.se
domain:share.camoe.cn
domain:selkombank.ru
domain:tracker.files.fm
domain:underlords.com
domain:bubu.mapfactor.com
domain:eft-project.com
domain:tracker.btnext.com
domain:ya.ru
domain:magnit.ru
domain:fortnite.com
domain:alefbank.com
domain:ultra.zt.ua
domain:open.touki.ru
domain:vtbstrana.ru
domain:grozny.ru
domain:riotpoints.com
domain:xboxplayanywhere.com
domain:router.ctc
domain:nbki.ru
domain:crl-lb.apple.com.akadns.net
domain:124.100.in-addr.arpa
domain:tracker.torrust-demo.com
domain:sketchfab.com
domain:alfafuture.com
domain:tracker.hifimarket.in
domain:timeweb.cloud
domain:beeline.ru
domain:krasnodar.su
domain:avito.ru
domain:92.100.in-addr.arpa
domain:usedesk.ru
domain:27.172.in-addr.arpa
domain:d2e2de1etea730.cloudfront.net
domain:voronezh.ru
domain:leagueoflegends.ca
domain:0d.kebhana.mx
domain:nagios.tks.sumy.ua
domain:av.ru
domain:yandex.com
domain:vlg.ru
domain:icloud.pt
domain:tracker.dhitechnical.com
domain:omsk.ru
domain:configuration.apple.com
domain:penza.ru
domain:showip.net
domain:tracker.parrotsec.org
domain:pinterest.engineering
domain:icloud.ie
domain:o-ring.msedge.net
domain:16.172.in-addr.arpa
domain:lan
domain:wink.ru
domain:vtbfamily.ru
domain:icloudmusic.net
domain:download.visualstudio.microsoft.com
domain:28.172.in-addr.arpa
domain:110.100.in-addr.arpa
domain:cscampus.ru
domain:tracker.swateam.org.uk
domain:bt.beatrice-raws.org
domain:tracker.lelux.fi
domain:sevastopol.ru
domain:118.100.in-addr.arpa
domain:alfafinance.ru
domain:vtbkep.site
domain:x5paket.ru
domain:bitseduce.com
domain:torrents-nn.cn
domain:denis.stalker.upeer.me
domain:sukebei.tracker.wf
domain:nspk.ru
domain:capturingreality.com
domain:admin.videoenpoche.info
domain:wb.ru
domain:tracker6.lelux.fi
domain:karelia.ru
domain:tellmewhygame.com
domain:ozon.ru
domain:tracker.btsync.gq
domain:line-net.ru
domain:koli.services
domain:chihaya.de
domain:tips.tips
domain:medtrum.ru
domain:tendawifi.com
domain:bt.edwardk.info
domain:xn--80aacoonefzg3am8b1fsb.xn--p1ai
domain:pinterest.co
domain:yastatic.net
domain:tracker1.bt.moack.co.kr
domain:abr.ru
domain:yamal.ru
domain:vtbindia.com
domain:yandex-bank.net
domain:vk.com
domain:my.router
domain:fe.dealclub.de
domain:leagueoflegends.net
domain:icloudbrowser.net
domain:tula.ru
domain:yandex
domain:d1xhnb4ptk05mw.cloudfront.net
domain:example
domain:mail2.zelenaya.net
domain:tracker.bt-hash.com
domain:tr.ready4.icu
domain:tracker.nitrix.me
domain:crl.apple.com
domain:bankermak.ru
domain:jivosite.com
domain:61626c.net
domain:tracker.open-internet.nl
domain:mvgroup.org
domain:naydex.net
domain:4meeting.me
domain:spvb.ru
domain:valid.apple.com
domain:mgfoms.ru
domain:crimea.ru
domain:steam.cdn.orcon.net.nz
domain:gazprombank.tech
domain:idx5.ru
domain:renovacionxboxlive.com
domain:khabarovsk.ru
domain:vkgo.app
domain:tracker.moeblog.cn
domain:icloudsecure.net
domain:fab.com
domain:yakutia.ru
domain:d1oca24q5dwo6d.cloudfront.net
domain:easyanticheat.net
domain:d2nvs31859zcd8.cloudfront.net
domain:webvisor.com
domain:oneocsp.microsoft.com
domain:zenit-card.ru
domain:icloud.com
domain:ocsp.digicert.cn
domain:bt-tracker.gamexp.ru
domain:okolo.app
domain:lpl.com.cn
domain:chelyabinsk.ru
domain:tracker.zerobytes.xyz
domain:kanal-4.de
domain:crl3.digicert.com
domain:altai.ru
domain:perekrestok.ru
domain:hiwifi.com
domain:yandexcloud.net
domain:tracker.skyts.net
domain:rutorrent.frontline-mod.com
domain:tracker.tambovnet.org
domain:tsundere.pw
domain:extracker.dahrkael.net
domain:pinterest.be
domain:yuwabits.net
domain:x5q.ru
domain:bobbialbano.com
domain:d2um2qdswy1tb0.cloudfront.net
domain:steampowered.com
domain:aaa.army
domain:shadowcomplex.com
domain:76.100.in-addr.arpa
domain:1337.abcvg.info
domain:uxfeedback.ru
domain:opentracker.io
domain:yandex.net
domain:code2chicken.nl
domain:mvk.com
domain:myicloud.net
domain:mgtracker.org
domain:tutu.ru
domain:radgametools.com
domain:edadeal.ru
domain:xbx.lv
domain:mos.ru
domain:tsk.ru
domain:retracker.sevstar.net
domain:vtbcareer.com
domain:dl.steam.clngaa.com
domain:pinterest.pt
domain:d36nr0u3xmc4mm.cloudfront.net
domain:avtoto.ru
domain:publictracker.ch
domain:avito.st
domain:t2.leech.ie
domain:i-ola.ru
domain:icloudnet.net
domain:res-nsdi.ru
domain:yandex.pl
domain:epicgamescdn.com
domain:blokas.io
domain:pinterest.kr
domain:adl.windows.com
domain:investalfabank.com
domain:mordovia.ru
domain:pvp.tv
domain:mymts.ru
domain:stats.microsoft.com
domain:t2.ru
domain:vkmessenger.com
domain:alfafx.com
domain:animego.me
domain:tr4ck3r.duckdns.org
domain:concen.org
domain:xboxstudios.com
domain:0123456789nonexistent.com
domain:yandex.st
domain:88.100.in-addr.arpa
domain:amur.ru
domain:appleicloud.cn
domain:ozonusercontent.com
domain:mts.ru
domain:mirpayonline.ru
domain:80.100.in-addr.arpa
domain:vtb-liga.fut.ru
domain:vkusvill.ru
domain:retracker01-msk-virt.corbina.net
domain:cbg.ru
domain:74.100.in-addr.arpa
domain:mail.ru
domain:novosibirsk.ru
domain:d2aba1wr3818hz.cloudfront.net
domain:midea123.z-media.com.cn
domain:vgtrk.ru
domain:jsb.by
domain:sbercoin.com
domain:torrent.mp3quran.net
domain:jar.ru
domain:84.100.in-addr.arpa
domain:qg.lorzl.gq
domain:gamepass.com
domain:pinterest.net
domain:2gis.by
domain:vkusnoitochka.ru
domain:tracker.openbittorrent.com
domain:csat.ru
domain:dbankcloud.ru
domain:udm.ru
domain:kirov.ru
domain:94.100.in-addr.arpa
domain:nyaa.tracker.wf
domain:vlb100.ru
domain:explodie.org
domain:shnflac.net
domain:ulol.com
domain:vladikavkaz.ru
domain:kaspersky.com
domain:ifconfig.me
domain:russiacalling.com
domain:71.100.in-addr.arpa
domain:vk-apps.com
domain:bryansk.ru
domain:koenig.ru
domain:forever-tracker.zooki.xyz
domain:xboxone.com
domain:steamgames.com
domain:jpmorgan.ru
domain:icloud.fi
domain:tracker.frozen-layer.net
domain:genesis-sp.org
domain:ibamoscow.ru
domain:tracker.zupix.online
domain:supremacy.net
domain:pinterest.th
domain:pinterest.id
domain:ocsp.microsoft.com
domain:riot.net
domain:riotgames.net
domain:tracker.tvunderground.org.ru
domain:d1w2poirtb3as9.cloudfront.net
domain:tracker.dler.org
domain:2gis.kz
domain:vtb-grants.fut.ru
domain:x5.ru
domain:tracker.altrosky.nl
domain:iplocate.io
domain:icloud.ch
domain:pinterest.co.in
domain:18.172.in-addr.arpa
domain:retracker.akado-ural.ru
domain:marine.ru
domain:steam.cdn.on.net
domain:spb.ru
domain:hyprsense.com
domain:st.dl.bscstorage.net
domain:phicomm.me
domain:autobahn.db.com
domain:8.e.f.ip6.arpa
domain:tracker.sloppyta.co
domain:torrentclub.tech
domain:bit-hdtv.com
domain:steam.eca.qtlglb.com
domain:credistory.ru
domain:jivochat.com
domain:sbpgpb.ru
domain:twitchcdn.net
domain:1cfresh.com
domain:inferno.demonoid.is
domain:st.dl.eccdnx.com
domain:kinopoisk.ru
domain:tracker.cyberia.is
domain:24.172.in-addr.arpa
domain:107.100.in-addr.arpa
domain:pinterest.com
domain:yandex.ee
domain:ubs.com
domain:retracker.hotplug.ru
domain:yandex.co.il
domain:tracker.ghostchu-services.top
domain:definitionupdates.microsoft.com
domain:kommersant.ru
domain:retracker.krs-ix.ru
domain:korona.com
domain:mm.ru
domain:vtb24.ru
domain:w.wwwww.wtf
domain:tracker.tiny-vps.com
domain:yandex.by
domain:tracker.opentrackr.org
domain:edge.steam-dns.top.comcast.net
domain:steamusercontent.com
domain:faceit-cdn.net
domain:peerfect.org
domain:forshtadt.ru
domain:9.rarbg.com
domain:127.100.in-addr.arpa
domain:lolespor.com
domain:local
domain:vologda.ru
domain:tracker.pmman.tech
domain:chel.ru
domain:kinescope.io
domain:plex.direct
domain:localdomain
domain:tracker.aletorrenty.pl
domain:2gis.com
domain:chanchan.uchuu.co.uk
domain:tr.kxmp.cf
domain:tr.bangumi.moe
domain:riotgames.info
domain:wareztorrent.com
domain:vkuseraudio.com
domain:tracker.torrenty.org
domain:icloudos.net
domain:adfox.ru
domain:spyjinx.com
domain:tracker.corpscorp.online
domain:tracker.vanitycore.co
domain:cikrf.ru
domain:open.demonii.com
domain:open.nyaatorrents.info
domain:gstore.val.manlaxy.com
domain:steamstatic.com.8686c.com
domain:mil.ru
domain:retracker.baikal-telecom.net
domain:swscan.apple.com
domain:yandex.sx
domain:csgo.wmsj.cn
domain:windsurf.com
domain:riotgames.com
domain:bt.firebit.org
domain:twitch.map.fastly.net
domain:64.100.in-addr.arpa
domain:datascene.net
domain:mp.microsoft.com.nsatc.net
domain:t.overflow.biz
domain:swdist.apple.com
domain:tochka.com
domain:cdn-2.gamecoast.org
domain:chizhik.club
domain:update.microsoft.com.akadns.net
domain:rtbcdn.ru
domain:vtb.fut.ru
domain:megamarket.ru
domain:westernunion.ru
domain:vyatka.ru
domain:sber.ws
domain:97.100.in-addr.arpa
domain:kazanexpress.ru
domain:fivepost.ru
domain:icloudo.net
domain:tr2.ysagin.top
domain:credit-zenit.ru
domain:cdn-1.gamecoast.org
domain:topdelivery.ru
domain:movies.zsw.ca
domain:103.100.in-addr.arpa
domain:pinterest.uk
domain:psk
domain:steampowered.com.8686c.com
domain:tracker6.dler.org
domain:localhost
domain:ttk2.nbaonlineservice.com
domain:104.100.in-addr.arpa
domain:bittorrent-tracker.e-n-c-r-y-p-t.net
domain:tracker.tricitytorrents.com
domain:camera.lei001.com
domain:tambov.ru
domain:khakassia.ru
domain:bclearning.top
domain:2gis.kg
domain:data-bg.net
domain:tracker810.xyz
domain:5ka.ru
domain:alfaprivate.com
domain:rostelecom.ru
domain:xz.pphimalayanrt.com
domain:d186rixkn5ruba.cloudfront.net
domain:vkuserlive.net
domain:arkhangelsk.ru
domain:dodopizza.ru
domain:turbopages.org
domain:grfc.ru
domain:wildberries.ru
domain:vtb-direct.com
domain:alfa-bank.ru
domain:steamserver.net
domain:icloudsetup.com
domain:d3m1uefep57n8q.cloudfront.net
domain:tochka-tech.com
domain:tracker.t-1.org
domain:tracker.torrentyorg.pl
domain:tatarstan.ru
domain:msocsp.com
domain:megafon.ru
domain:gazeta.ru
domain:tracker.gcrenwp.top
domain:yandex.com.ge
domain:imgsmail.ru
domain:tracker.yemekyedim.com
domain:steam.ru.qtlglb.com
domain:31.172.in-addr.arpa
domain:ios-icloud.com
domain:dht.transmissionbt.com
domain:tracker.vectahosting.eu
domain:fix-price.com
domain:bfa.ru
domain:appldnld.apple.com
domain:yandex-team.ru
domain:derpyradio.net
domain:10.in-addr.arpa
domain:dht.vuze.com
domain:xboxgamepass.com
domain:windowsupdate.microsoft.com
domain:leaguehighschool.com
domain:121.100.in-addr.arpa
domain:d40969.acod.regrucolo.ru
domain:1cloud.ru
domain:9.e.f.ip6.arpa
domain:3lateral.com
domain:25.172.in-addr.arpa
domain:lolusercontent.com
domain:riotpin.com
domain:pinterest.tw
domain:mixfiend.com
domain:tsx.x5static.net
domain:riotgames.co.kr
domain:tracker-v6.zooki.xyz
domain:tarkov.com
domain:ntservicepack.microsoft.com
domain:dht.aelitis.com
domain:admetrica.ru
domain:tracker.moxing.party
domain:zephir.monocul.us
domain:30.172.in-addr.arpa
domain:vkuseraudio.net
domain:icloude.com
domain:rncoluminis.ru
domain:faceit.com
domain:goskey.ru
domain:tracker.leechshield.link
domain:twitch-ext.rootonline.de
domain:5post.market
domain:open.kickasstracker.com
domain:sd-161673.dedibox.fr
domain:irk.ru
domain:pinterest.co.nz
domain:torrentsmd.com
domain:tracker.blacksparrowmedia.net
domain:pinterest.at
domain:playartifact.com
domain:78.100.in-addr.arpa
domain:valakas.rollo.dnsabr.com
domain:donationalerts.com
domain:iz.ru
domain:tracker.xiaoduola.xyz
domain:martin-gebhardt.eu
domain:tribalmixes.com
domain:steamcommunity.com
domain:bt.okmp3.ru
domain:megatorrents.kg
domain:open.acgtracker.com
domain:yandex.lv
domain:tracker.grepler.com
domain:tracker.kamigami.org
domain:tracker.internetwarriors.net
domain:116.100.in-addr.arpa
domain:khv.ru
domain:vtb24.com
domain:tver.ru
domain:x5.tech
domain:localhost.sec.qq.com
domain:yandex.com.ua
domain:anidex.moe
domain:ankb.ru
domain:buny.uk
domain:tracker.pomf.se
domain:2ip.ru
domain:spo-ring.msedge.net
domain:supremacy.com
domain:perm.ru
domain:xn--d1acpjx3f.xn--p1ai
domain:255.255.255.255.in-addr.arpa
domain:xn----7sb7akeedqd.xn--p1ai
domain:vk.team
domain:tracker.tasvideos.org
domain:99.100.in-addr.arpa
domain:tracker.ex.ua
domain:yandex.aero
domain:epicgames.dev
domain:steam.cdn.webra.ru
domain:ext-twitch.tv
domain:zone-torrent.net
domain:alformacapital.com
domain:swdownload.apple.com
domain:ocsp2.apple.com
domain:tp.m-team.cc
domain:tracker.coppersurfer.tk
domain:vkuservideo.ru
domain:kursk.ru
domain:cdn-vk.ru
domain:tracker.darkness.services
domain:psbank.ru
domain:tracker.leechers-paradise.org
domain:onedrive.co
domain:icloud.is
domain:daveking.com
domain:omg.wtftrackr.xyz
domain:bt.zlofenix.org
domain:tracker.theempire.bz
domain:vk-analytics.ru
domain:tracker-udp.gbitt.info
domain:smbcr-bank.ru
domain:kazan.ru
domain:tracker.mywaifu.best
domain:tracker.tamersunion.org
domain:data.microsoft.com
domain:smolensk.ru
domain:tamtam.chat
domain:106.100.in-addr.arpa
domain:torrentsnipe.info
domain:stv.ru
domain:tracker3.itzmx.com
domain:tracker.minglong.org
domain:rostaxi.org
domain:tracker.dutchtracking.nl
domain:ddacn6pr5v0tl.cloudfront.net
domain:rstatic.net
domain:certs-lb.apple.com.akadns.net
domain:kemerovo.ru
domain:vladivostok.ru
domain:onedrive.net
domain:xbox.org
domain:oscdn.apple.com
domain:lead-pro2023.online
domain:alformacap.com
domain:bvarf.tracker.sh
domain:icloud-isupport.com
domain:mail.realliferpg.de
domain:wassermann.online
domain:bluebird-hd.org
domain:66.100.in-addr.arpa
domain:vk.me
domain:tracker.v6speed.org
domain:81.100.in-addr.arpa
domain:vtbglobalperspectives.com
domain:torrent.eu.org
domain:epicgames.com
domain:tracker.zum.bi
domain:90.100.in-addr.arpa
domain:finuslugi.ru
domain:2gis.az
domain:dns-shop.ru
domain:opentracker.acgnx.com
domain:yaroslavl.ru
domain:icloud.de
domain:pinterest.co.uk
domain:nalog.ru
domain:1drv.ms
domain:icloud-content.com
domain:slavbank.ru
domain:icloud.lv
domain:xbox360.co
domain:asger.xyz
domain:leagueoflegends.kr
domain:download.microsoft.com
domain:twitch.tv
domain:icloudpay.net
domain:arc-apac.msn.com
domain:gov.ru
domain:vtb.corp.ru
domain:rkomi.ru
domain:worldboxingvideoarchive.com
domain:mesu.apple.com
domain:ivanovo.ru
domain:asia-pay.ru
domain:wustat.windows.com
domain:tracker.parrotlinux.org
domain:vtb.ru
domain:grifon.info
domain:yandex.org
domain:kremlin.ru
domain:bt-club.ws
domain:vtbpartners.com
domain:nov.ru
domain:citydrive.ru
domain:xbox.eu
domain:applemx-icloud.com
domain:yastatic-net.ru
domain:adminion.n-blade.ru
domain:bt.poletracker.org
domain:rnd.ru
domain:tom.ru
domain:tracker.nyap2p.com
domain:1drv.com
domain:tracker2.christianbro.pw
domain:onedrive.org
domain:pinterest.com.ec
domain:tracker.torrentleech.org
domain:icloud-apple.cn
domain:tracker.birkenwald.de
domain:gsra.apple.com
domain:murmansk.ru
domain:yandexmetrica.com
domain:vkvideo.ru
domain:mradx.net
domain:lenta.ru
domain:109.100.in-addr.arpa
domain:cbr.ru
domain:gazprompay.ru
domain:amupdatedl.microsoft.com
domain:identity.apple.com
domain:t1.leech.ie
domain:alfa-fx.com
domain:steamdeck.com
domain:mylcloud.net
domain:oryol.ru
domain:novaopcj.icu
domain:osrecovery.apple.com
domain:2gis.tj
domain:www-cdn.icloud.com.akadns.net
domain:2gis.cz
domain:2gis.ge
domain:opentracker.xyz
domain:edu.uifr.ru
domain:120.100.in-addr.arpa
domain:tracker.alaskantf.com
domain:pinterest.co.kr
domain:convrgencegame.com
domain:iad.apple.com
domain:pinterest.fr
domain:yuzhno-sakhalinsk.ru
domain:vkmessenger.app
domain:89.100.in-addr.arpa
domain:ok.ru
domain:tracker.army
domain:orithegame.com
domain:yastat.net
domain:zdrav10.ru
domain:kamchatka.ru
domain:vtb.digital
domain:tracker.yoshi210.com
domain:vk.design
domain:quixel.com
domain:zer0day.to
domain:ws.microsoft.com
domain:aeroflot.ru
domain:medtrum.eu
domain:orb.ru
domain:rutube.ru
domain:pinterest.jp
domain:3rt.tace.ru
domain:max.ru
domain:xwt-classics.net
domain:gg.apple.com
domain:bitsparadise.info
domain:tracker.belmult.online
domain:drweb.ru
domain:svoy.academy
domain:torrent.arjlover.net
domain:anytimeru.com
domain:d6tizftlrpuof.cloudfront.net
domain:quixel.se
domain:me.com
domain:pskov.ru
domain:timeweb.com
domain:icloudos.de
domain:sbermarket.ru
domain:leagueoflegends.com
domain:crl4.digicert.com
domain:benouworldtrip.fr
domain:yandex.tj
domain:api-adservices.apple.com
domain:gosuslugi.ru
domain:tplinkwifi.net
domain:cubicmotion.com
domain:mari.ru
domain:live-video.net
domain:wmsjsteam.com
domain:unrealtournament.com
domain:xbox360.eu
domain:tracker.anonwebz.xyz
domain:zer0day.ch
domain:tracker.etree.org
domain:ipify.org
domain:izhevsk.ru
domain:store.core.windows.net
domain:open.trackerlist.xyz
domain:vk-portal.net
domain:update.microsoft.com
domain:tracker.cyber-hub.net
domain:lolstatic-a.akamaihd.net
domain:dykkng5hnh52u.cloudfront.net
domain:icloud.si
domain:tbank-online.com
domain:rbc.ru
domain:pinterest.nl
domain:windowsupdate.com
domain:storage.live.com
domain:vkuserphoto.ru
domain:tr.nyacat.pw
domain:roborecall.com
domain:mangalib.me
domain:tracker.uw0.xyz
domain:ocsp-lb.apple.com.akadns.net
domain:theoccult.bz
domain:pinterest.es
domain:xbox
domain:pinterest.com.vn
domain:pinterest.co.at
domain:krasnoyarsk.ru
domain:icloudads.net
domain:blackz.ro
domain:pinterest.com.mx
domain:xboxgamestudios.com
domain:yandex.ua
domain:qwapi.com
domain:yandex.com.tr
domain:certs.apple.com
domain:bashkiria.ru
domain:drumkitx.com
domain:ssb.msk.ru
domain:trakx.herokuapp.com
domain:learnwithleague.com
domain:bt1.xxxxbt.cc
domain:jivo.ru
domain:open.demonii.si
domain:tracker.hama3.net
domain:learnbits.me
domain:pinterest.ru
domain:oneme.ru
domain:86.100.in-addr.arpa
domain:big-boss-tracker.net
domain:wepzone.net
domain:bt.pusacg.org
domain:eft-store.com
domain:d1mhjrowxxagfy.cloudfront.net
domain:87.100.in-addr.arpa
domain:riotcdn.net
domain:tracker.trackton.ga
domain:tracker.piratepublic.com
domain:theplace.bz
domain:home.yxgz.club
domain:ruinedking.com
domain:yandex.md
domain:rt.ru
domain:easy.ac
domain:69.100.in-addr.arpa
domain:icloud.sk
domain:saratov.ru
domain:tracker.fortu.io
domain:open.nyap2p.com
domain:tracker.skynetcloud.site
domain:lolshop.co.kr
domain:crl.microsoft.com
domain:tracker.pussytorrents.org
domain:go.microsoft.com
domain:168.192.in-addr.arpa
domain:magadan.ru
domain:banka-ui.dev
domain:mnogolososya.ru
domain:onedrive.live.com
domain:tracker.halfchub.club
domain:udp.tracker.projectk.org
domain:tracker.acgnx.se
domain:escapefromtarkov.com
domain:tracker.ali213.net
domain:yads.tech
domain:torrent.tracker.durukanbal.com
domain:lipetsk.ru
domain:113.0.203.in-addr.arpa
domain:xboxab.com
domain:icloud.com.cn
domain:dnevnik.ru
domain:kchr.ru
domain:dixy.ru
domain:tracker.startwork.cv
domain:leagueoflegends.co.kr
domain:client-update.queniuqe.com
domain:lolpcs.com
domain:psk.ru
domain:static-storage.net
domain:rshb.ru
domain:torrent.nwps.ws
domain:tracker.ducks.party
domain:steam.cdn.slingshot.co.nz
domain:test
domain:vkuseraudio.ru
domain:router.bittorrent.com
domain:unrealengine.com
domain:ziraatbank.ru
domain:d1ymi26ma8va5x.cloudfront.net
domain:edadeal.io
domain:captive.apple.com
domain:taxsee.com
domain:pinterest.ec
domain:bitrix24.ru
domain:izbirkom.ru
domain:bt.rer.lol
domain:ln.mtahost.co
domain:public-tracker.zooki.xyz
domain:xbox.co
domain:xn--80acgfbsl1azdqr.xn--p1ai
domain:d3vd9lfkzbru3h.cloudfront.net
domain:tracker.tritan.gg
domain:historyofdota.net
domain:yandex.com.am
domain:free-tracker.zooki.xyz
domain:mtsdengi.ru
domain:bms-hosxp.com
domain:twitchsvc.net
domain:tracker.tryhackx.org
domain:t3.leech.ie
domain:tracker.iamhansen.xyz
domain:x5id.ru
domain:2gis.ua
domain:lmru.tech
domain:battlebreakers.com
domain:loushao.net
domain:hematonix.ru
domain:torrent.hificode.in
domain:tracker.ygsub.com
domain:bt.bontal.net
domain:lolclub.org
domain:banki.ru
domain:d6d4ismr40iw.cloudfront.net
domain:tracker.eu.org
domain:dgeft87wbj63p.cloudfront.net
domain:98.100.in-addr.arpa
domain:ts.net
domain:pinterest.com.uy
domain:254.169.in-addr.arpa
domain:ptz.ru
domain:vkontakte.ru
domain:pinterest.it
domain:ns349743.ip-91-121-106.eu
domain:bithq.org
domain:chukotka.ru
domain:tracker.uraniumhexafluori.de
domain:peiluyou.com
domain:2.0.192.in-addr.arpa
domain:bank131.com
domain:pinterest.mx
domain:megamarket.tech
domain:tracker.nextrp.ru
domain:gorodpay.ru
domain:tracker.beeimg.com
domain:udmurtia.ru
domain:tracker.0o.is
domain:api.cdp.microsoft.com
domain:home.arpa
domain:pinimg.com
domain:108.100.in-addr.arpa
domain:a4e8s8k3.map2.ssl.hwcdn.net
domain:open.dstud.io
domain:icloudbox.net
domain:proaudiotorrents.org
domain:tracker.vulnix.sh
domain:47.ip-51-68-199.eu
domain:chita.ru
domain:2gis.am
domain:yandex.kg
domain:ocsp2-lb.apple.com.akadns.net
domain:tuva.ru
domain:tracker.renfei.net
domain:tracker.ipv6tracker.ru
domain:wns.windows.com
domain:mizuhogroup.com
domain:tracker.publicbt.com
domain:icloudhome.com
domain:aboutbeautifulgallopinghorsesinthegreenpasture.online
domain:pinterestmail.com
domain:bt2.edwardk.info
domain:26.172.in-addr.arpa
domain:steamcloudsweden.blob.core.windows.net
domain:alfa-bank.com
domain:tracker.torrentbay.to
domain:tracker4.itzmx.com
domain:alfabank.ru
domain:sakhalin.ru
domain:yandex.lt
domain:twinmotion.com
domain:milliontorrent.pl
domain:riot-games.com
domain:realityscan.com
domain:dzen.ru
domain:artstation.com
domain:torrent.resonatingmedia.com
domain:updates.cdn-apple.com
domain:api.bitumconference.ru
domain:pochta.ru
domain:tracker.qu.ax
domain:pin.it
domain:okko.sport
domain:wkms-public.apple.com
domain:push.apple.com
domain:youla.io
domain:icloud.hu
domain:bank-credit-suisse-moscow.ru
domain:bir.ru
domain:vpn.flying-datacenter.de
domain:redheadsound.studio
domain:biztorrents.com
domain:opentracker.i2p.rocks
domain:tagbank.ru
domain:tracker.tntvillage.scambioetico.org
domain:leagueoflegendsscripts.com
domain:gdmf-ados.apple.com
domain:tracker.shkinev.me
domain:rambler.ru
domain:instituteofwar.org
domain:t.nyaatracker.com
domain:tracker.1h.is
domain:retracker.nts.su
domain:82.100.in-addr.arpa
domain:yandex.kz
domain:vtb-russia.com
domain:xn--90ab2c.xn--p1ai
domain:shahidrazi.online
domain:tc-boxing.com
domain:s.team
domain:updates-http.cdn-apple.com
domain:tracker.anirena.com
domain:nsk.ru
domain:tracker.ipv6tracker.org
domain:engplus.ru
domain:kalmykia.ru
domain:h4.trakx.nibba.trade
domain:elitezones.ro
domain:tracker.mininova.org
domain:open.lolicon.eu
domain:acg.rip
domain:vrn.ru
domain:x5club.ru
domain:yoobusiness.ru
domain:1internet.tv
domain:tr.cili001.com
domain:tracker.noobsubs.net
domain:tracker.trackerfix.com
domain:youla.ru
domain:pinterest.se
domain:117.100.in-addr.arpa
domain:clstorage.net
domain:irkutsk.ru
domain:finbytes.org
domain:alfa-pc.com
domain:dzeninfra.ru
domain:apple-icloud.cn
domain:tracker.kuroy.me
domain:sber.world
domain:tracker.zhuqiy.com
domain:114.100.in-addr.arpa
domain:kaspersky.ru
domain:19.172.in-addr.arpa
domain:dqrpb9wgowsf5.cloudfront.net
domain:lumiflex.ru
domain:tracker.baltracker.net
domain:prvbank.ru
domain:smartscreen-prod.microsoft.com
domain:tracker.electro-torrent.pl
domain:vkuservideo.net
domain:125.100.in-addr.arpa
domain:gs.apple.com
domain:rutubelist.ru
domain:lolesports.com
domain:ozone.ru
domain:tk.mabo.ltd
domain:webvisor.org
domain:lolfanart.net
domain:126.100.in-addr.arpa
domain:e5.ru
domain:pinterest.hu
domain:thetracker.org
domain:73.100.in-addr.arpa
domain:yandexadexchange.net
domain:yandex.tr
domain:playparagon.com
domain:bt2.54new.com
domain:alfa-finance.com
domain:open.acgnxtracker.com
domain:sev.ru
domain:t.213891.xyz
domain:96.100.in-addr.arpa
domain:1c-bitrix.ru
domain:lolstatic.com
domain:pinterest.info
domain:b.e.f.ip6.arpa
domain:pinterest.nz
domain:pinterest.com.bo
domain:tracker.23794.top
domain:okko.tv
domain:bank-arzamas.ru
domain:yandex.ru
domain:zentotem.net
domain:22.172.in-addr.arpa
domain:vkcache.com
domain:yandex.cloud
domain:dota2.wmsj.cn
domain:xn--90aifd0aza.site
domain:hdreactor.org
domain:publictracker.xyz
domain:auth-nsdi.ru
domain:edu.ru
domain:vk.company
domain:aclub.ru
domain:123.100.in-addr.arpa
domain:113.100.in-addr.arpa
domain:all4nothin.net
domain:112.100.in-addr.arpa
domain:tracker.srv00.com
domain:st.dl.pinyuncloud.com
domain:jtvnw.net
domain:pinterest.pe
domain:steamchina.com
domain:okcdn.ru
domain:a.leopard-raws.org
domain:ru.ccb.com
domain:2gis.ru
domain:yandexwebcache.org
domain:mycdn.me
domain:xp.apple.com
domain:rzd-bonus.ru
domain:tracker.imgoingto.icu
domain:git.vulnix.sh
domain:pinterest.ca
domain:tilda.cc
domain:vps02.net.orel.ru
domain:vkusercdn.ru
domain:122.100.in-addr.arpa
domain:pinterest.in
domain:vtb.com
domain:tracker.dyne.org
domain:rgpub.io
domain:servandroidkino.ru
domain:yandex.eu
domain:paragon.com
domain:kuper.ru
domain:tracker.flashtorrents.org
domain:discord.heihachi.pw
domain:beta-bank.com
domain:ipv4announce.sktorrent.eu
domain:ns389251.ovh.net
domain:tracker.lintk.me
domain:5rt.tace.ru
domain:vkuservideo.com
domain:d3c27h4odz752x.cloudfront.net
domain:105.100.in-addr.arpa
full:routerlogin.com
full:www.asusrouter.com
full:instant.arubanetworks.com
full:router.asus.com
full:asusrouter.com
full:www.routerlogin.com
full:www.miwifi.com
full:setmeup.arubanetworks.com
full:tplogin.cn
full:miwifi.com
full:oasisauth.h3c.com
